Archive member included because of file (symbol)

c:/program files/ept-tools/ept-sdk/sourcery g++ lite/bin/../lib/gcc/arm-none-linux-gnueabi/4.3.3\libgcc.a(_arm_addsubdf3.o)
                              o\main.o (__aeabi_ui2d)
c:/program files/ept-tools/ept-sdk/sourcery g++ lite/bin/../lib/gcc/arm-none-linux-gnueabi/4.3.3\libgcc.a(_arm_muldivdf3.o)
                              o\main.o (__aeabi_dmul)
c:/program files/ept-tools/ept-sdk/sourcery g++ lite/bin/../lib/gcc/arm-none-linux-gnueabi/4.3.3\libgcc.a(_arm_fixunsdfsi.o)
                              o\main.o (__aeabi_d2uiz)
c:/program files/ept-tools/ept-sdk/sourcery g++ lite/bin/../lib/gcc/arm-none-linux-gnueabi/4.3.3\libgcc.a(_arm_truncdfsf2.o)
                              o\main.o (__aeabi_d2f)
c:/program files/ept-tools/ept-sdk/sourcery g++ lite/bin/../lib/gcc/arm-none-linux-gnueabi/4.3.3\libgcc.a(_arm_addsubsf3.o)
                              o\main.o (__aeabi_ui2f)
c:/program files/ept-tools/ept-sdk/sourcery g++ lite/bin/../lib/gcc/arm-none-linux-gnueabi/4.3.3\libgcc.a(_arm_cmpsf2.o)
                              o\main.o (__aeabi_fcmpgt)
c:/program files/ept-tools/ept-sdk/sourcery g++ lite/bin/../lib/gcc/arm-none-linux-gnueabi/4.3.3\libgcc.a(_fixunsdfdi.o)
                              C:\Program Files\EPT-Tools\EPT-SDK\EPT-A9L\so\libfs.so (__aeabi_d2ulz)
c:\program files\ept-tools\ept-sdk\sourcery g++ lite\bin\../arm-none-linux-gnueabi/libc/usr/lib/libc_nonshared.a(elf-init.oS)
                              c:/program files/ept-tools/ept-sdk/sourcery g++ lite/bin/../arm-none-linux-gnueabi/libc/usr/lib/crt1.o (__libc_csu_fini)

Allocating common symbols
Common symbol       size              file

line_menu           0x7d2             o\main.o
DevStat             0x18c             o\main.o
hDprinterHandle     0x4               o\main.o
hRS232Handle        0x4               o\main.o
STinfo              0x4               o\main.o
station_menu        0x3ea             o\main.o
Com1RcvBuf2         0x4b0             o\shell.o
Linfo               0x4               o\main.o
Tinfo               0x7f              o\main.o
OPinfo              0x4               o\main.o
CardInfo            0x2c              o\main.o
ShellComms          0x230             o\shell.o
dbuf                0x64              o\main.o
Com1SndBuf          0x4b0             o\shell.o
Com1RcvBuf          0x4b0             o\shell.o

Discarded input sections

 .note.ABI-tag  0x00000000        0x0 c:/program files/ept-tools/ept-sdk/sourcery g++ lite/bin/../arm-none-linux-gnueabi/libc/usr/lib/crt1.o
 .rodata.cst4   0x00000000        0x0 c:/program files/ept-tools/ept-sdk/sourcery g++ lite/bin/../arm-none-linux-gnueabi/libc/usr/lib/crt1.o
 .ARM.extab     0x00000000        0x0 c:/program files/ept-tools/ept-sdk/sourcery g++ lite/bin/../arm-none-linux-gnueabi/libc/usr/lib/crt1.o
 .data          0x00000000        0x0 c:/program files/ept-tools/ept-sdk/sourcery g++ lite/bin/../arm-none-linux-gnueabi/libc/usr/lib/crt1.o
 .bss           0x00000000        0x0 c:/program files/ept-tools/ept-sdk/sourcery g++ lite/bin/../arm-none-linux-gnueabi/libc/usr/lib/crt1.o
 .note.GNU-stack
                0x00000000        0x0 c:/program files/ept-tools/ept-sdk/sourcery g++ lite/bin/../arm-none-linux-gnueabi/libc/usr/lib/crt1.o
 .data          0x00000000        0x0 c:/program files/ept-tools/ept-sdk/sourcery g++ lite/bin/../arm-none-linux-gnueabi/libc/usr/lib/crti.o
 .bss           0x00000000        0x0 c:/program files/ept-tools/ept-sdk/sourcery g++ lite/bin/../arm-none-linux-gnueabi/libc/usr/lib/crti.o
 .ARM.extab     0x00000000        0x0 c:/program files/ept-tools/ept-sdk/sourcery g++ lite/bin/../arm-none-linux-gnueabi/libc/usr/lib/crti.o
 .note.GNU-stack
                0x00000000        0x0 c:/program files/ept-tools/ept-sdk/sourcery g++ lite/bin/../arm-none-linux-gnueabi/libc/usr/lib/crti.o
 .data          0x00000000        0x0 c:/program files/ept-tools/ept-sdk/sourcery g++ lite/bin/../lib/gcc/arm-none-linux-gnueabi/4.3.3/crtbegin.o
 .ARM.extab     0x00000000        0x0 c:/program files/ept-tools/ept-sdk/sourcery g++ lite/bin/../lib/gcc/arm-none-linux-gnueabi/4.3.3/crtbegin.o
 .note.GNU-stack
                0x00000000        0x0 c:/program files/ept-tools/ept-sdk/sourcery g++ lite/bin/../lib/gcc/arm-none-linux-gnueabi/4.3.3/crtbegin.o
 .text          0x00000000        0x0 o\main.o
 .data          0x00000000        0x0 o\main.o
 .bss           0x00000000        0x0 o\main.o
 .ARM.extab.text.Cal_Interval_Sec
                0x00000000        0x0 o\main.o
 .ARM.extab.text.card_youhui_process
                0x00000000        0x0 o\main.o
 .ARM.extab.text.ic_card_process
                0x00000000        0x0 o\main.o
 .text.query_capacity
                0x00000000        0x0 o\main.o
 .ARM.extab.text.query_capacity
                0x00000000        0x0 o\main.o
 .ARM.exidx.text.query_capacity
                0x00000000        0x0 o\main.o
 .ARM.extab.text.set_pos_init
                0x00000000        0x0 o\main.o
 .ARM.extab.text.format_process
                0x00000000        0x0 o\main.o
 .ARM.extab.text.generate_backup_record_file
                0x00000000        0x0 o\main.o
 .ARM.extab.text.generate_record_file
                0x00000000        0x0 o\main.o
 .ARM.extab.text.send_backup_record_process
                0x00000000        0x0 o\main.o
 .ARM.extab.text.send_record_process
                0x00000000        0x0 o\main.o
 .text.invalid_ticket_process
                0x00000000        0x0 o\main.o
 .ARM.extab.text.invalid_ticket_process
                0x00000000        0x0 o\main.o
 .ARM.exidx.text.invalid_ticket_process
                0x00000000        0x0 o\main.o
 .text.mdata    0x00000000        0x0 o\main.o
 .ARM.extab.text.mdata
                0x00000000        0x0 o\main.o
 .ARM.exidx.text.mdata
                0x00000000        0x0 o\main.o
 .text.print_ticket
                0x00000000        0x0 o\main.o
 .ARM.extab.text.print_ticket
                0x00000000        0x0 o\main.o
 .ARM.exidx.text.print_ticket
                0x00000000        0x0 o\main.o
 .text.printer_test
                0x00000000        0x0 o\main.o
 .ARM.extab.text.printer_test
                0x00000000        0x0 o\main.o
 .ARM.exidx.text.printer_test
                0x00000000        0x0 o\main.o
 .ARM.extab.text.set_ticket_number
                0x00000000        0x0 o\main.o
 .ARM.extab.text.set_pos_number
                0x00000000        0x0 o\main.o
 .ARM.extab.text.set_banci
                0x00000000        0x0 o\main.o
 .ARM.extab.text.choose_line
                0x00000000        0x0 o\main.o
 .ARM.extab.text.set_youhui_zhekou
                0x00000000        0x0 o\main.o
 .text.choose_end_station
                0x00000000        0x0 o\main.o
 .ARM.extab.text.choose_end_station
                0x00000000        0x0 o\main.o
 .ARM.exidx.text.choose_end_station
                0x00000000        0x0 o\main.o
 .text.choose_start_station
                0x00000000        0x0 o\main.o
 .ARM.extab.text.choose_start_station
                0x00000000        0x0 o\main.o
 .ARM.exidx.text.choose_start_station
                0x00000000        0x0 o\main.o
 .ARM.extab.text.bus_number_verify
                0x00000000        0x0 o\main.o
 .ARM.extab.text.operator_login
                0x00000000        0x0 o\main.o
 .ARM.extab.text.line_number_verify
                0x00000000        0x0 o\main.o
 .ARM.extab.text.TimeFormatChk
                0x00000000        0x0 o\main.o
 .ARM.extab.text.TimeModify
                0x00000000        0x0 o\main.o
 .ARM.extab.text.msystem
                0x00000000        0x0 o\main.o
 .ARM.extab.text.system_check
                0x00000000        0x0 o\main.o
 .ARM.extab.text.card_yuepiao_process
                0x00000000        0x0 o\main.o
 .text.generate_summary_info
                0x00000000        0x0 o\main.o
 .ARM.extab.text.generate_summary_info
                0x00000000        0x0 o\main.o
 .ARM.exidx.text.generate_summary_info
                0x00000000        0x0 o\main.o
 .text.print_summary
                0x00000000        0x0 o\main.o
 .ARM.extab.text.print_summary
                0x00000000        0x0 o\main.o
 .ARM.exidx.text.print_summary
                0x00000000        0x0 o\main.o
 .ARM.extab.text.generate_ticket_info
                0x00000000        0x0 o\main.o
 .ARM.extab.text.ic_yuepiaocard_process
                0x00000000        0x0 o\main.o
 .ARM.extab.text.sell_ticket
                0x00000000        0x0 o\main.o
 .ARM.extab.text.param_init
                0x00000000        0x0 o\main.o
 .ARM.extab.text.main
                0x00000000        0x0 o\main.o
 .data.confirm_menu
                0x00000000        0x0 o\main.o
 .data.data_menu
                0x00000000        0x0 o\main.o
 .note.GNU-stack
                0x00000000        0x0 o\main.o
 .text          0x00000000        0x0 o\NormalData.o
 .data          0x00000000        0x0 o\NormalData.o
 .bss           0x00000000        0x0 o\NormalData.o
 .note.GNU-stack
                0x00000000        0x0 o\NormalData.o
 .text          0x00000000        0x0 o\shell.o
 .data          0x00000000        0x0 o\shell.o
 .bss           0x00000000        0x0 o\shell.o
 .text.UpdateCRC16
                0x00000000        0x0 o\shell.o
 .ARM.extab.text.UpdateCRC16
                0x00000000        0x0 o\shell.o
 .ARM.exidx.text.UpdateCRC16
                0x00000000        0x0 o\shell.o
 .ARM.extab.text.Cal_CRC16
                0x00000000        0x0 o\shell.o
 .ARM.extab.text.test_crc16
                0x00000000        0x0 o\shell.o
 .ARM.extab.text.InitCommands
                0x00000000        0x0 o\shell.o
 .text.armgetch3
                0x00000000        0x0 o\shell.o
 .ARM.extab.text.armgetch3
                0x00000000        0x0 o\shell.o
 .ARM.exidx.text.armgetch3
                0x00000000        0x0 o\shell.o
 .ARM.extab.text.armgetch2
                0x00000000        0x0 o\shell.o
 .ARM.extab.text.armgetch
                0x00000000        0x0 o\shell.o
 .text.armputch
                0x00000000        0x0 o\shell.o
 .ARM.extab.text.armputch
                0x00000000        0x0 o\shell.o
 .ARM.exidx.text.armputch
                0x00000000        0x0 o\shell.o
 .text.arm_send_hex
                0x00000000        0x0 o\shell.o
 .ARM.extab.text.arm_send_hex
                0x00000000        0x0 o\shell.o
 .ARM.exidx.text.arm_send_hex
                0x00000000        0x0 o\shell.o
 .ARM.extab.text.armputs
                0x00000000        0x0 o\shell.o
 .ARM.extab.text.crf_func
                0x00000000        0x0 o\shell.o
 .ARM.extab.text.del_func
                0x00000000        0x0 o\shell.o
 .ARM.extab.text.dir_func
                0x00000000        0x0 o\shell.o
 .ARM.extab.text.HelloFunc
                0x00000000        0x0 o\shell.o
 .ARM.extab.text.HelpFunc
                0x00000000        0x0 o\shell.o
 .ARM.extab.text.fput_func
                0x00000000        0x0 o\shell.o
 .ARM.extab.text.CommandAnalys
                0x00000000        0x0 o\shell.o
 .ARM.extab.text.communication
                0x00000000        0x0 o\shell.o
 .ARM.extab.text.fget_func
                0x00000000        0x0 o\shell.o
 .note.GNU-stack
                0x00000000        0x0 o\shell.o
 .text          0x00000000        0x0 o\ydt.o
 .data          0x00000000        0x0 o\ydt.o
 .bss           0x00000000        0x0 o\ydt.o
 .ARM.extab.text.CheckTimeFormat
                0x00000000        0x0 o\ydt.o
 .ARM.extab.text.ascii_to_hex
                0x00000000        0x0 o\ydt.o
 .text.bcdtohex
                0x00000000        0x0 o\ydt.o
 .ARM.extab.text.bcdtohex
                0x00000000        0x0 o\ydt.o
 .ARM.exidx.text.bcdtohex
                0x00000000        0x0 o\ydt.o
 .ARM.extab.text.hextobcd
                0x00000000        0x0 o\ydt.o
 .text.ascii    0x00000000        0x0 o\ydt.o
 .ARM.extab.text.ascii
                0x00000000        0x0 o\ydt.o
 .ARM.exidx.text.ascii
                0x00000000        0x0 o\ydt.o
 .text.HextoBcd
                0x00000000        0x0 o\ydt.o
 .ARM.extab.text.HextoBcd
                0x00000000        0x0 o\ydt.o
 .ARM.exidx.text.HextoBcd
                0x00000000        0x0 o\ydt.o
 .text.atoh     0x00000000        0x0 o\ydt.o
 .ARM.extab.text.atoh
                0x00000000        0x0 o\ydt.o
 .ARM.exidx.text.atoh
                0x00000000        0x0 o\ydt.o
 .text.ascii_comm
                0x00000000        0x0 o\ydt.o
 .ARM.extab.text.ascii_comm
                0x00000000        0x0 o\ydt.o
 .ARM.exidx.text.ascii_comm
                0x00000000        0x0 o\ydt.o
 .text.Cal_Crc  0x00000000        0x0 o\ydt.o
 .ARM.extab.text.Cal_Crc
                0x00000000        0x0 o\ydt.o
 .ARM.exidx.text.Cal_Crc
                0x00000000        0x0 o\ydt.o
 .text.cal_crc  0x00000000        0x0 o\ydt.o
 .ARM.extab.text.cal_crc
                0x00000000        0x0 o\ydt.o
 .ARM.exidx.text.cal_crc
                0x00000000        0x0 o\ydt.o
 .ARM.extab.text.crc_check
                0x00000000        0x0 o\ydt.o
 .ARM.extab.text.comm_add_end
                0x00000000        0x0 o\ydt.o
 .ARM.extab.text.Is_Leap
                0x00000000        0x0 o\ydt.o
 .ARM.extab.text.cal_sec
                0x00000000        0x0 o\ydt.o
 .ARM.extab.text.sleep_ms
                0x00000000        0x0 o\ydt.o
 .ARM.extab.text.SleepMs
                0x00000000        0x0 o\ydt.o
 .text.beep     0x00000000        0x0 o\ydt.o
 .ARM.extab.text.beep
                0x00000000        0x0 o\ydt.o
 .ARM.exidx.text.beep
                0x00000000        0x0 o\ydt.o
 .ARM.extab.text.beep_failed
                0x00000000        0x0 o\ydt.o
 .ARM.extab.text.beep_success
                0x00000000        0x0 o\ydt.o
 .ARM.extab.text.com1_query_ch
                0x00000000        0x0 o\ydt.o
 .ARM.extab.text.com1_gets_keyboard
                0x00000000        0x0 o\ydt.o
 .ARM.extab.text.com1_gets
                0x00000000        0x0 o\ydt.o
 .ARM.extab.text.uart1_buf_flush
                0x00000000        0x0 o\ydt.o
 .text.com1_send_hex
                0x00000000        0x0 o\ydt.o
 .ARM.extab.text.com1_send_hex
                0x00000000        0x0 o\ydt.o
 .ARM.exidx.text.com1_send_hex
                0x00000000        0x0 o\ydt.o
 .ARM.extab.text.com1_snd_and_rcv2
                0x00000000        0x0 o\ydt.o
 .ARM.extab.text.com1_snd_and_rcv
                0x00000000        0x0 o\ydt.o
 .text.htoa     0x00000000        0x0 o\ydt.o
 .ARM.extab.text.htoa
                0x00000000        0x0 o\ydt.o
 .ARM.exidx.text.htoa
                0x00000000        0x0 o\ydt.o
 .ARM.extab.text.lcddisperr
                0x00000000        0x0 o\ydt.o
 .ARM.extab.text.store_record
                0x00000000        0x0 o\ydt.o
 .ARM.extab.text.ReadParam
                0x00000000        0x0 o\ydt.o
 .ARM.extab.text.WriteParam
                0x00000000        0x0 o\ydt.o
 .ARM.extab.text.param_factory_default
                0x00000000        0x0 o\ydt.o
 .ARM.extab.text.lcddisp
                0x00000000        0x0 o\ydt.o
 .ARM.extab.text.get_input_str
                0x00000000        0x0 o\ydt.o
 .text.browse_menu2
                0x00000000        0x0 o\ydt.o
 .ARM.extab.text.browse_menu2
                0x00000000        0x0 o\ydt.o
 .ARM.exidx.text.browse_menu2
                0x00000000        0x0 o\ydt.o
 .ARM.extab.text.Modify_Time
                0x00000000        0x0 o\ydt.o
 .ARM.extab.text.Get_Time
                0x00000000        0x0 o\ydt.o
 .note.GNU-stack
                0x00000000        0x0 o\ydt.o
 .data          0x00000000        0x0 c:/program files/ept-tools/ept-sdk/sourcery g++ lite/bin/../lib/gcc/arm-none-linux-gnueabi/4.3.3\libgcc.a(_arm_addsubdf3.o)
 .bss           0x00000000        0x0 c:/program files/ept-tools/ept-sdk/sourcery g++ lite/bin/../lib/gcc/arm-none-linux-gnueabi/4.3.3\libgcc.a(_arm_addsubdf3.o)
 .note.GNU-stack
                0x00000000        0x0 c:/program files/ept-tools/ept-sdk/sourcery g++ lite/bin/../lib/gcc/arm-none-linux-gnueabi/4.3.3\libgcc.a(_arm_addsubdf3.o)
 .data          0x00000000        0x0 c:/program files/ept-tools/ept-sdk/sourcery g++ lite/bin/../lib/gcc/arm-none-linux-gnueabi/4.3.3\libgcc.a(_arm_muldivdf3.o)
 .bss           0x00000000        0x0 c:/program files/ept-tools/ept-sdk/sourcery g++ lite/bin/../lib/gcc/arm-none-linux-gnueabi/4.3.3\libgcc.a(_arm_muldivdf3.o)
 .note.GNU-stack
                0x00000000        0x0 c:/program files/ept-tools/ept-sdk/sourcery g++ lite/bin/../lib/gcc/arm-none-linux-gnueabi/4.3.3\libgcc.a(_arm_muldivdf3.o)
 .data          0x00000000        0x0 c:/program files/ept-tools/ept-sdk/sourcery g++ lite/bin/../lib/gcc/arm-none-linux-gnueabi/4.3.3\libgcc.a(_arm_fixunsdfsi.o)
 .bss           0x00000000        0x0 c:/program files/ept-tools/ept-sdk/sourcery g++ lite/bin/../lib/gcc/arm-none-linux-gnueabi/4.3.3\libgcc.a(_arm_fixunsdfsi.o)
 .note.GNU-stack
                0x00000000        0x0 c:/program files/ept-tools/ept-sdk/sourcery g++ lite/bin/../lib/gcc/arm-none-linux-gnueabi/4.3.3\libgcc.a(_arm_fixunsdfsi.o)
 .data          0x00000000        0x0 c:/program files/ept-tools/ept-sdk/sourcery g++ lite/bin/../lib/gcc/arm-none-linux-gnueabi/4.3.3\libgcc.a(_arm_truncdfsf2.o)
 .bss           0x00000000        0x0 c:/program files/ept-tools/ept-sdk/sourcery g++ lite/bin/../lib/gcc/arm-none-linux-gnueabi/4.3.3\libgcc.a(_arm_truncdfsf2.o)
 .note.GNU-stack
                0x00000000        0x0 c:/program files/ept-tools/ept-sdk/sourcery g++ lite/bin/../lib/gcc/arm-none-linux-gnueabi/4.3.3\libgcc.a(_arm_truncdfsf2.o)
 .data          0x00000000        0x0 c:/program files/ept-tools/ept-sdk/sourcery g++ lite/bin/../lib/gcc/arm-none-linux-gnueabi/4.3.3\libgcc.a(_arm_addsubsf3.o)
 .bss           0x00000000        0x0 c:/program files/ept-tools/ept-sdk/sourcery g++ lite/bin/../lib/gcc/arm-none-linux-gnueabi/4.3.3\libgcc.a(_arm_addsubsf3.o)
 .note.GNU-stack
                0x00000000        0x0 c:/program files/ept-tools/ept-sdk/sourcery g++ lite/bin/../lib/gcc/arm-none-linux-gnueabi/4.3.3\libgcc.a(_arm_addsubsf3.o)
 .data          0x00000000        0x0 c:/program files/ept-tools/ept-sdk/sourcery g++ lite/bin/../lib/gcc/arm-none-linux-gnueabi/4.3.3\libgcc.a(_arm_cmpsf2.o)
 .bss           0x00000000        0x0 c:/program files/ept-tools/ept-sdk/sourcery g++ lite/bin/../lib/gcc/arm-none-linux-gnueabi/4.3.3\libgcc.a(_arm_cmpsf2.o)
 .note.GNU-stack
                0x00000000        0x0 c:/program files/ept-tools/ept-sdk/sourcery g++ lite/bin/../lib/gcc/arm-none-linux-gnueabi/4.3.3\libgcc.a(_arm_cmpsf2.o)
 .data          0x00000000        0x0 c:/program files/ept-tools/ept-sdk/sourcery g++ lite/bin/../lib/gcc/arm-none-linux-gnueabi/4.3.3\libgcc.a(_fixunsdfdi.o)
 .bss           0x00000000        0x0 c:/program files/ept-tools/ept-sdk/sourcery g++ lite/bin/../lib/gcc/arm-none-linux-gnueabi/4.3.3\libgcc.a(_fixunsdfdi.o)
 .ARM.extab     0x00000000        0x0 c:/program files/ept-tools/ept-sdk/sourcery g++ lite/bin/../lib/gcc/arm-none-linux-gnueabi/4.3.3\libgcc.a(_fixunsdfdi.o)
 .note.GNU-stack
                0x00000000        0x0 c:/program files/ept-tools/ept-sdk/sourcery g++ lite/bin/../lib/gcc/arm-none-linux-gnueabi/4.3.3\libgcc.a(_fixunsdfdi.o)
 .data          0x00000000        0x0 c:\program files\ept-tools\ept-sdk\sourcery g++ lite\bin\../arm-none-linux-gnueabi/libc/usr/lib/libc_nonshared.a(elf-init.oS)
 .bss           0x00000000        0x0 c:\program files\ept-tools\ept-sdk\sourcery g++ lite\bin\../arm-none-linux-gnueabi/libc/usr/lib/libc_nonshared.a(elf-init.oS)
 .ARM.extab     0x00000000        0x0 c:\program files\ept-tools\ept-sdk\sourcery g++ lite\bin\../arm-none-linux-gnueabi/libc/usr/lib/libc_nonshared.a(elf-init.oS)
 .note.GNU-stack
                0x00000000        0x0 c:\program files\ept-tools\ept-sdk\sourcery g++ lite\bin\../arm-none-linux-gnueabi/libc/usr/lib/libc_nonshared.a(elf-init.oS)
 .text          0x00000000        0x0 c:/program files/ept-tools/ept-sdk/sourcery g++ lite/bin/../lib/gcc/arm-none-linux-gnueabi/4.3.3/crtend.o
 .data          0x00000000        0x0 c:/program files/ept-tools/ept-sdk/sourcery g++ lite/bin/../lib/gcc/arm-none-linux-gnueabi/4.3.3/crtend.o
 .bss           0x00000000        0x0 c:/program files/ept-tools/ept-sdk/sourcery g++ lite/bin/../lib/gcc/arm-none-linux-gnueabi/4.3.3/crtend.o
 .note.GNU-stack
                0x00000000        0x0 c:/program files/ept-tools/ept-sdk/sourcery g++ lite/bin/../lib/gcc/arm-none-linux-gnueabi/4.3.3/crtend.o
 .text          0x00000000        0x0 c:/program files/ept-tools/ept-sdk/sourcery g++ lite/bin/../arm-none-linux-gnueabi/libc/usr/lib/crtn.o
 .data          0x00000000        0x0 c:/program files/ept-tools/ept-sdk/sourcery g++ lite/bin/../arm-none-linux-gnueabi/libc/usr/lib/crtn.o
 .bss           0x00000000        0x0 c:/program files/ept-tools/ept-sdk/sourcery g++ lite/bin/../arm-none-linux-gnueabi/libc/usr/lib/crtn.o
 .ARM.extab.init
                0x00000000        0x0 c:/program files/ept-tools/ept-sdk/sourcery g++ lite/bin/../arm-none-linux-gnueabi/libc/usr/lib/crtn.o
 .ARM.extab.fini
                0x00000000        0x0 c:/program files/ept-tools/ept-sdk/sourcery g++ lite/bin/../arm-none-linux-gnueabi/libc/usr/lib/crtn.o
 .note.GNU-stack
                0x00000000        0x0 c:/program files/ept-tools/ept-sdk/sourcery g++ lite/bin/../arm-none-linux-gnueabi/libc/usr/lib/crtn.o

Memory Configuration

Name             Origin             Length             Attributes
*default*        0x00000000         0xffffffff

Linker script and memory map

LOAD c:/program files/ept-tools/ept-sdk/sourcery g++ lite/bin/../arm-none-linux-gnueabi/libc/usr/lib/crt1.o
LOAD c:/program files/ept-tools/ept-sdk/sourcery g++ lite/bin/../arm-none-linux-gnueabi/libc/usr/lib/crti.o
LOAD c:/program files/ept-tools/ept-sdk/sourcery g++ lite/bin/../lib/gcc/arm-none-linux-gnueabi/4.3.3/crtbegin.o
LOAD o\main.o
LOAD o\NormalData.o
LOAD o\shell.o
LOAD o\ydt.o
LOAD C:\Program Files\EPT-Tools\EPT-SDK\EPT-A9L\so\libcolorui.a
LOAD C:\Program Files\EPT-Tools\EPT-SDK\EPT-A9L\so\libdigitalled.a
LOAD C:\Program Files\EPT-Tools\EPT-SDK\EPT-A9L\so\libjpeg.a
LOAD C:\Program Files\EPT-Tools\EPT-SDK\EPT-A9L\so\libsignpanel.a
LOAD C:\Program Files\EPT-Tools\EPT-SDK\EPT-A9L\so\libSM.a
LOAD C:\Program Files\EPT-Tools\EPT-SDK\EPT-A9L\so\libalgorithm.so
LOAD C:\Program Files\EPT-Tools\EPT-SDK\EPT-A9L\so\libAt1604.so
LOAD C:\Program Files\EPT-Tools\EPT-SDK\EPT-A9L\so\libAt1608.so
LOAD C:\Program Files\EPT-Tools\EPT-SDK\EPT-A9L\so\libat24cxx.so
LOAD C:\Program Files\EPT-Tools\EPT-SDK\EPT-A9L\so\libAt45d041.so
LOAD C:\Program Files\EPT-Tools\EPT-SDK\EPT-A9L\so\libaudio.so
LOAD C:\Program Files\EPT-Tools\EPT-SDK\EPT-A9L\so\libbaseinfo.so
LOAD C:\Program Files\EPT-Tools\EPT-SDK\EPT-A9L\so\libbt.so
LOAD C:\Program Files\EPT-Tools\EPT-SDK\EPT-A9L\so\libcashbox.so
LOAD C:\Program Files\EPT-Tools\EPT-SDK\EPT-A9L\so\libcfginfo.so
LOAD C:\Program Files\EPT-Tools\EPT-SDK\EPT-A9L\so\libcommon.so
LOAD C:\Program Files\EPT-Tools\EPT-SDK\EPT-A9L\so\libCommu.so
LOAD C:\Program Files\EPT-Tools\EPT-SDK\EPT-A9L\so\libDhcp.so
LOAD C:\Program Files\EPT-Tools\EPT-SDK\EPT-A9L\so\libfam.so
LOAD C:\Program Files\EPT-Tools\EPT-SDK\EPT-A9L\so\libfindhidcomdev.so
LOAD C:\Program Files\EPT-Tools\EPT-SDK\EPT-A9L\so\libfs.so
LOAD C:\Program Files\EPT-Tools\EPT-SDK\EPT-A9L\so\libFsk.so
LOAD C:\Program Files\EPT-Tools\EPT-SDK\EPT-A9L\so\libGps.so
LOAD C:\Program Files\EPT-Tools\EPT-SDK\EPT-A9L\so\libGsm.so
LOAD C:\Program Files\EPT-Tools\EPT-SDK\EPT-A9L\so\libIccard.so
LOAD C:\Program Files\EPT-Tools\EPT-SDK\EPT-A9L\so\libissl.so
LOAD C:\Program Files\EPT-Tools\EPT-SDK\EPT-A9L\so\libjpeg.so
LOAD C:\Program Files\EPT-Tools\EPT-SDK\EPT-A9L\so\libMagcard.so
LOAD C:\Program Files\EPT-Tools\EPT-SDK\EPT-A9L\so\libMifs.so
LOAD C:\Program Files\EPT-Tools\EPT-SDK\EPT-A9L\so\libmodem.so
LOAD C:\Program Files\EPT-Tools\EPT-SDK\EPT-A9L\so\libpara.so
LOAD C:\Program Files\EPT-Tools\EPT-SDK\EPT-A9L\so\libpinpad.so
LOAD C:\Program Files\EPT-Tools\EPT-SDK\EPT-A9L\so\libpl2303.so
LOAD C:\Program Files\EPT-Tools\EPT-SDK\EPT-A9L\so\libpm.so
LOAD C:\Program Files\EPT-Tools\EPT-SDK\EPT-A9L\so\libPppdial.so
LOAD C:\Program Files\EPT-Tools\EPT-SDK\EPT-A9L\so\libPrinter.so
LOAD C:\Program Files\EPT-Tools\EPT-SDK\EPT-A9L\so\libscan.so
LOAD C:\Program Files\EPT-Tools\EPT-SDK\EPT-A9L\so\libsfs.so
LOAD C:\Program Files\EPT-Tools\EPT-SDK\EPT-A9L\so\libSim4428.so
LOAD C:\Program Files\EPT-Tools\EPT-SDK\EPT-A9L\so\libSim4442.so
LOAD C:\Program Files\EPT-Tools\EPT-SDK\EPT-A9L\so\libsysserv.so
LOAD C:\Program Files\EPT-Tools\EPT-SDK\EPT-A9L\so\libtms.so
LOAD C:\Program Files\EPT-Tools\EPT-SDK\EPT-A9L\so\libui.so
LOAD C:\Program Files\EPT-Tools\EPT-SDK\EPT-A9L\so\libvoice.so
LOAD C:\Program Files\EPT-Tools\EPT-SDK\Sourcery G++ Lite\arm-none-linux-gnueabi\libc\usr\lib/librt.so
LOAD C:\Program Files\EPT-Tools\EPT-SDK\Sourcery G++ Lite\arm-none-linux-gnueabi\libc\usr\lib/libpthread.so
START GROUP
LOAD c:\program files\ept-tools\ept-sdk\sourcery g++ lite\bin\../arm-none-linux-gnueabi/libc/lib/libpthread.so.0
LOAD c:\program files\ept-tools\ept-sdk\sourcery g++ lite\bin\../arm-none-linux-gnueabi/libc/usr/lib/libpthread_nonshared.a
END GROUP
LOAD C:\Program Files\EPT-Tools\EPT-SDK\Sourcery G++ Lite\arm-none-linux-gnueabi\libc\usr\lib/libdl.so
LOAD c:/program files/ept-tools/ept-sdk/sourcery g++ lite/bin/../lib/gcc/arm-none-linux-gnueabi/4.3.3\libgcc.a
LOAD c:/program files/ept-tools/ept-sdk/sourcery g++ lite/bin/../arm-none-linux-gnueabi/libc/lib/libgcc_s.so
LOAD C:\Program Files\EPT-Tools\EPT-SDK\Sourcery G++ Lite\arm-none-linux-gnueabi\libc\usr\lib/libc.so
START GROUP
LOAD c:\program files\ept-tools\ept-sdk\sourcery g++ lite\bin\../arm-none-linux-gnueabi/libc/lib/libc.so.6
LOAD c:\program files\ept-tools\ept-sdk\sourcery g++ lite\bin\../arm-none-linux-gnueabi/libc/usr/lib/libc_nonshared.a
LOAD c:\program files\ept-tools\ept-sdk\sourcery g++ lite\bin\../arm-none-linux-gnueabi/libc/lib/ld-linux.so.3
END GROUP
LOAD c:/program files/ept-tools/ept-sdk/sourcery g++ lite/bin/../lib/gcc/arm-none-linux-gnueabi/4.3.3\libgcc.a
LOAD c:/program files/ept-tools/ept-sdk/sourcery g++ lite/bin/../arm-none-linux-gnueabi/libc/lib/libgcc_s.so
LOAD c:/program files/ept-tools/ept-sdk/sourcery g++ lite/bin/../lib/gcc/arm-none-linux-gnueabi/4.3.3/crtend.o
LOAD c:/program files/ept-tools/ept-sdk/sourcery g++ lite/bin/../arm-none-linux-gnueabi/libc/usr/lib/crtn.o
                0x00008000                PROVIDE (__executable_start, 0x8000)
                0x00008114                . = (0x8000 + SIZEOF_HEADERS)

.interp         0x00008114       0x13
 *(.interp)
 .interp        0x00008114       0x13 c:/program files/ept-tools/ept-sdk/sourcery g++ lite/bin/../arm-none-linux-gnueabi/libc/usr/lib/crti.o

.note.gnu.build-id
 *(.note.gnu.build-id)

.hash
 *(.hash)

.gnu.hash       0x00008128      0x2d8
 *(.gnu.hash)
 .gnu.hash      0x00008128      0x2d8 c:/program files/ept-tools/ept-sdk/sourcery g++ lite/bin/../arm-none-linux-gnueabi/libc/usr/lib/crti.o

.dynsym         0x00008400      0x450
 *(.dynsym)
 .dynsym        0x00008400      0x450 c:/program files/ept-tools/ept-sdk/sourcery g++ lite/bin/../arm-none-linux-gnueabi/libc/usr/lib/crti.o

.dynstr         0x00008850      0x44f
 *(.dynstr)
 .dynstr        0x00008850      0x44f c:/program files/ept-tools/ept-sdk/sourcery g++ lite/bin/../arm-none-linux-gnueabi/libc/usr/lib/crti.o

.gnu.version    0x00008ca0       0x8a
 *(.gnu.version)
 .gnu.version   0x00008ca0       0x8a c:/program files/ept-tools/ept-sdk/sourcery g++ lite/bin/../arm-none-linux-gnueabi/libc/usr/lib/crti.o

.gnu.version_d  0x00008d2c        0x0 load address 0x00008d2a
 *(.gnu.version_d)
 .gnu.version_d
                0x00000000        0x0 c:/program files/ept-tools/ept-sdk/sourcery g++ lite/bin/../arm-none-linux-gnueabi/libc/usr/lib/crti.o

.gnu.version_r  0x00008d2c       0xe0
 *(.gnu.version_r)
 .gnu.version_r
                0x00008d2c       0xe0 c:/program files/ept-tools/ept-sdk/sourcery g++ lite/bin/../arm-none-linux-gnueabi/libc/usr/lib/crti.o

.rel.dyn        0x00008e0c        0x8
 *(.rel.init)
 *(.rel.text .rel.text.* .rel.gnu.linkonce.t.*)
 *(.rel.fini)
 *(.rel.rodata .rel.rodata.* .rel.gnu.linkonce.r.*)
 *(.rel.data.rel.ro* .rel.gnu.linkonce.d.rel.ro.*)
 *(.rel.data .rel.data.* .rel.gnu.linkonce.d.*)
 *(.rel.tdata .rel.tdata.* .rel.gnu.linkonce.td.*)
 *(.rel.tbss .rel.tbss.* .rel.gnu.linkonce.tb.*)
 *(.rel.ctors)
 *(.rel.dtors)
 *(.rel.got)
 .rel.got       0x00008e0c        0x8 c:/program files/ept-tools/ept-sdk/sourcery g++ lite/bin/../arm-none-linux-gnueabi/libc/usr/lib/crti.o
 *(.rel.bss .rel.bss.* .rel.gnu.linkonce.b.*)
 .rel.bss       0x00000000        0x0 c:/program files/ept-tools/ept-sdk/sourcery g++ lite/bin/../arm-none-linux-gnueabi/libc/usr/lib/crti.o

.rel.ifunc.dyn
 *(.rel.ifunc.*)

.rela.dyn
 *(.rela.init)
 *(.rela.text .rela.text.* .rela.gnu.linkonce.t.*)
 *(.rela.fini)
 *(.rela.rodata .rela.rodata.* .rela.gnu.linkonce.r.*)
 *(.rela.data .rela.data.* .rela.gnu.linkonce.d.*)
 *(.rela.tdata .rela.tdata.* .rela.gnu.linkonce.td.*)
 *(.rela.tbss .rela.tbss.* .rela.gnu.linkonce.tb.*)
 *(.rela.ctors)
 *(.rela.dtors)
 *(.rela.got)
 *(.rela.bss .rela.bss.* .rela.gnu.linkonce.b.*)

.rela.ifunc.dyn
 *(.rela.ifunc.*)

.rel.plt        0x00008e14      0x1d8
 *(.rel.plt)
 .rel.plt       0x00008e14      0x1d8 c:/program files/ept-tools/ept-sdk/sourcery g++ lite/bin/../arm-none-linux-gnueabi/libc/usr/lib/crti.o

.rela.plt
 *(.rela.plt)

.init           0x00008fec        0xc
 *(.init)
 .init          0x00008fec        0x8 c:/program files/ept-tools/ept-sdk/sourcery g++ lite/bin/../arm-none-linux-gnueabi/libc/usr/lib/crti.o
                0x00008fec                _init
 .init          0x00008ff4        0x4 c:/program files/ept-tools/ept-sdk/sourcery g++ lite/bin/../arm-none-linux-gnueabi/libc/usr/lib/crtn.o

.plt            0x00008ff8      0x2d8
 *(.plt)
 .plt           0x00008ff8      0x2d8 c:/program files/ept-tools/ept-sdk/sourcery g++ lite/bin/../arm-none-linux-gnueabi/libc/usr/lib/crti.o
                0x0000900c                EA_ucPFReadRec@@FFS_1.0
                0x00009018                EA_ucPFDel@@FFS_1.0
                0x00009024                EA_ucGetPassTimer@@COMMON_1.0
                0x00009030                EA_i64CfsRead@@FFS_1.0
                0x0000903c                abort@@GLIBC_2.4
                0x00009048                EA_pvMalloc@@COMMON_1.0
                0x00009054                __libc_start_main@@GLIBC_2.4
                0x00009060                EA_ucPFOpen@@FFS_1.0
                0x0000906c                EA_vTextOut@@UI_1.0
                0x00009084                EA_ucGetDateTime@@COMMON_1.0
                0x00009090                __strcat_chk@@GLIBC_2.4
                0x0000909c                EA_ucReadDevice@@COMMON_1.0
                0x000090a8                strtod@@GLIBC_2.4
                0x000090b4                strchr@@GLIBC_2.4
                0x000090c0                EA_vFree@@COMMON_1.0
                0x000090cc                EA_ucGetInputStr@@UI_1.0
                0x000090d8                EA_vDelayMs@@COMMON_1.0
                0x000090e4                memset@@GLIBC_2.4
                0x000090f0                EA_iCfsFtruncate@@FFS_1.0
                0x000090fc                EA_ucSetDateTime@@COMMON_1.0
                0x00009108                EA_ucWriteParamFile@@PARA_1.0
                0x00009114                EA_ucPFClose@@FFS_1.0
                0x00009120                EA_i64CfsWrite@@FFS_1.0
                0x0000912c                EA_ucPFCreateLoop@@FFS_1.0
                0x00009138                EA_iCfsGetFileSystemInfo@@FFS_1.0
                0x00009144                EA_vDisp@@UI_1.0
                0x00009150                strlen@@GLIBC_2.4
                0x0000915c                sscanf@@GLIBC_2.4
                0x00009168                EA_uiInkey@@UI_1.0
                0x00009174                EA_ucWriteDevice@@COMMON_1.0
                0x00009180                EA_iCfsOpen@@FFS_1.0
                0x0000918c                memcpy@@GLIBC_2.4
                0x00009198                EA_ucPFInfo@@FFS_1.0
                0x000091a4                EA_iCfsFsync@@FFS_1.0
                0x000091b0                EA_vCls@@UI_1.0
                0x000091bc                strcpy@@GLIBC_2.4
                0x000091c8                EA_ucPFWriteRec@@FFS_1.0
                0x000091d4                EA_ucInitRS232@@COMMON_1.0
                0x000091e0                EA_iCfsDelete@@FFS_1.0
                0x000091ec                EA_ucSetInverse@@UI_1.0
                0x000091f8                strstr@@GLIBC_2.4
                0x00009204                EA_ucKBHit@@UI_1.0
                0x00009210                EA_ucCreateParamFile@@PARA_1.0
                0x0000921c                EA_vBeepMs@@COMMON_1.0
                0x00009228                EA_iCfsGetFileNum@@FFS_1.0
                0x00009234                EA_ucOpenDevice@@COMMON_1.0
                0x00009240                EA_ucCloseDevice@@COMMON_1.0
                0x0000924c                EA_ucResetTimer@@COMMON_1.0
                0x00009258                EA_ucReadParamFile@@PARA_1.0
                0x00009264                EA_i64CfsGetFileSize@@FFS_1.0
                0x00009270                EA_iCfsClose@@FFS_1.0
                0x0000927c                __sprintf_chk@@GLIBC_2.4
                0x00009288                EA_ucPFCreate@@FFS_1.0
                0x00009294                EA_ucClearRS232@@COMMON_1.0
                0x000092a0                __strcpy_chk@@GLIBC_2.4
                0x000092ac                strcmp@@GLIBC_2.4
                0x000092b8                EA_ucCloseTimer@@COMMON_1.0
                0x000092c4                EA_ucCreateTimer@@COMMON_1.0

.text           0x000092d0     0x8268
 *(.text .stub .text.* .gnu.linkonce.t.*)
 .text          0x000092d0       0x38 c:/program files/ept-tools/ept-sdk/sourcery g++ lite/bin/../arm-none-linux-gnueabi/libc/usr/lib/crt1.o
                0x000092d0                _start
 .text          0x00009308       0x24 c:/program files/ept-tools/ept-sdk/sourcery g++ lite/bin/../arm-none-linux-gnueabi/libc/usr/lib/crti.o
 .text          0x0000932c       0x4c c:/program files/ept-tools/ept-sdk/sourcery g++ lite/bin/../lib/gcc/arm-none-linux-gnueabi/4.3.3/crtbegin.o
 .text.Cal_Interval_Sec
                0x00009378      0x23c o\main.o
                0x00009378                Cal_Interval_Sec
 .text.card_youhui_process
                0x000095b4      0x3a4 o\main.o
                0x000095b4                card_youhui_process
 .text.ic_card_process
                0x00009958      0x2d0 o\main.o
                0x00009958                ic_card_process
 .text.set_pos_init
                0x00009c28      0x12c o\main.o
                0x00009c28                set_pos_init
 .text.format_process
                0x00009d54      0x1bc o\main.o
                0x00009d54                format_process
 .text.generate_backup_record_file
                0x00009f10      0x264 o\main.o
                0x00009f10                generate_backup_record_file
 .text.generate_record_file
                0x0000a174      0x27c o\main.o
                0x0000a174                generate_record_file
 .text.send_backup_record_process
                0x0000a3f0       0xf4 o\main.o
                0x0000a3f0                send_backup_record_process
 .text.send_record_process
                0x0000a4e4       0xf0 o\main.o
                0x0000a4e4                send_record_process
 .text.read_param_table
                0x0000a5d4      0x920 o\main.o
                0x0000a5d4                read_param_table
 .text.query_today_summary
                0x0000aef4      0x5c0 o\main.o
                0x0000aef4                query_today_summary
 .text.set_ticket_number
                0x0000b4b4      0x15c o\main.o
                0x0000b4b4                set_ticket_number
 .text.set_pos_number
                0x0000b610      0x10c o\main.o
                0x0000b610                set_pos_number
 .text.set_banci
                0x0000b71c      0x160 o\main.o
                0x0000b71c                set_banci
 .text.choose_line
                0x0000b87c       0xb8 o\main.o
                0x0000b87c                choose_line
 .text.set_youhui_zhekou
                0x0000b934      0x164 o\main.o
                0x0000b934                set_youhui_zhekou
 .text.bus_number_verify
                0x0000ba98      0x1f0 o\main.o
                0x0000ba98                bus_number_verify
 .text.operator_login
                0x0000bc88      0x394 o\main.o
                0x0000bc88                operator_login
 .text.line_number_verify
                0x0000c01c       0xe4 o\main.o
                0x0000c01c                line_number_verify
 .text.TimeFormatChk
                0x0000c100       0x30 o\main.o
                0x0000c100                TimeFormatChk
 .text.TimeModify
                0x0000c130      0x1f0 o\main.o
                0x0000c130                TimeModify
 .text.msystem  0x0000c320      0x178 o\main.o
                0x0000c320                msystem
 .text.system_check
                0x0000c498       0x50 o\main.o
                0x0000c498                system_check
 .text.card_yuepiao_process
                0x0000c4e8      0x470 o\main.o
                0x0000c4e8                card_yuepiao_process
 .text.generate_ticket_info
                0x0000c958      0x260 o\main.o
                0x0000c958                generate_ticket_info
 .text.ic_yuepiaocard_process
                0x0000cbb8      0x334 o\main.o
                0x0000cbb8                ic_yuepiaocard_process
 .text.sell_ticket
                0x0000ceec      0x484 o\main.o
                0x0000ceec                sell_ticket
 .text.param_init
                0x0000d370      0x280 o\main.o
                0x0000d370                param_init
 .text.main     0x0000d5f0       0xac o\main.o
                0x0000d5f0                main
 .text.Cal_CRC16
                0x0000d69c       0xcc o\shell.o
                0x0000d69c                Cal_CRC16
 .text.test_crc16
                0x0000d768       0x4c o\shell.o
                0x0000d768                test_crc16
 .text.InitCommands
                0x0000d7b4      0x160 o\shell.o
                0x0000d7b4                InitCommands
 .text.armgetch2
                0x0000d914       0xa0 o\shell.o
                0x0000d914                armgetch2
 .text.armgetch
                0x0000d9b4       0x78 o\shell.o
                0x0000d9b4                armgetch
 .text.armputs  0x0000da2c       0x2c o\shell.o
                0x0000da2c                armputs
 .text.crf_func
                0x0000da58      0x188 o\shell.o
                0x0000da58                crf_func
 .text.del_func
                0x0000dbe0       0x74 o\shell.o
                0x0000dbe0                del_func
 .text.dir_func
                0x0000dc54       0xb8 o\shell.o
                0x0000dc54                dir_func
 .text.HelloFunc
                0x0000dd0c       0x58 o\shell.o
                0x0000dd0c                HelloFunc
 .text.HelpFunc
                0x0000dd64       0x80 o\shell.o
                0x0000dd64                HelpFunc
 .text.fput_func
                0x0000dde4      0x3f0 o\shell.o
                0x0000dde4                fput_func
 .text.CommandAnalys
                0x0000e1d4      0x168 o\shell.o
                0x0000e1d4                CommandAnalys
 .text.communication
                0x0000e33c      0x238 o\shell.o
                0x0000e33c                communication
 .text.fget_func
                0x0000e574      0x3fc o\shell.o
                0x0000e574                fget_func
 .text.CheckTimeFormat
                0x0000e970       0x84 o\ydt.o
                0x0000e970                CheckTimeFormat
 .text.ascii_to_hex
                0x0000e9f4       0x64 o\ydt.o
                0x0000e9f4                ascii_to_hex
 .text.hextobcd
                0x0000ea58       0x24 o\ydt.o
                0x0000ea58                hextobcd
 .text.crc_check
                0x0000ea7c       0xa8 o\ydt.o
                0x0000ea7c                crc_check
 .text.comm_add_end
                0x0000eb24       0x90 o\ydt.o
                0x0000eb24                comm_add_end
 .text.Is_Leap  0x0000ebb4       0x54 o\ydt.o
                0x0000ebb4                Is_Leap
 .text.cal_sec  0x0000ec08      0x1ac o\ydt.o
                0x0000ec08                cal_sec
 .text.sleep_ms
                0x0000edb4        0x4 o\ydt.o
                0x0000edb4                sleep_ms
 .text.SleepMs  0x0000edb8        0x4 o\ydt.o
                0x0000edb8                SleepMs
 .text.beep_failed
                0x0000edbc       0x30 o\ydt.o
                0x0000edbc                beep_failed
 .text.beep_success
                0x0000edec        0x8 o\ydt.o
                0x0000edec                beep_success
 .text.com1_query_ch
                0x0000edf4       0x68 o\ydt.o
                0x0000edf4                com1_query_ch
 .text.com1_gets_keyboard
                0x0000ee5c      0x160 o\ydt.o
                0x0000ee5c                com1_gets_keyboard
 .text.com1_gets
                0x0000efbc      0x110 o\ydt.o
                0x0000efbc                com1_gets
 .text.uart1_buf_flush
                0x0000f0cc       0x3c o\ydt.o
                0x0000f0cc                uart1_buf_flush
 .text.com1_snd_and_rcv2
                0x0000f108       0xa8 o\ydt.o
                0x0000f108                com1_snd_and_rcv2
 .text.com1_snd_and_rcv
                0x0000f1b0       0xb4 o\ydt.o
                0x0000f1b0                com1_snd_and_rcv
 .text.lcddisperr
                0x0000f264       0x28 o\ydt.o
                0x0000f264                lcddisperr
 .text.store_record
                0x0000f28c       0xb8 o\ydt.o
                0x0000f28c                store_record
 .text.ReadParam
                0x0000f344       0x8c o\ydt.o
                0x0000f344                ReadParam
 .text.WriteParam
                0x0000f3d0       0xd4 o\ydt.o
                0x0000f3d0                WriteParam
 .text.param_factory_default
                0x0000f4a4      0x2b4 o\ydt.o
                0x0000f4a4                param_factory_default
 .text.lcddisp  0x0000f758        0x4 o\ydt.o
                0x0000f758                lcddisp
 .text.get_input_str
                0x0000f75c      0x458 o\ydt.o
                0x0000f75c                get_input_str
 .text.browse_menu
                0x0000fbb4      0x514 o\ydt.o
                0x0000fbb4                browse_menu
 .text.Modify_Time
                0x000100c8       0xb8 o\ydt.o
                0x000100c8                Modify_Time
 .text.Get_Time
                0x00010180       0x90 o\ydt.o
                0x00010180                Get_Time
 .text.browse_menu_time
                0x00010210      0x5f0 o\ydt.o
                0x00010210                browse_menu_time
 .text          0x00010800      0x3b8 c:/program files/ept-tools/ept-sdk/sourcery g++ lite/bin/../lib/gcc/arm-none-linux-gnueabi/4.3.3\libgcc.a(_arm_addsubdf3.o)
                0x00010b44                __floatundidf
                0x00010adc                __floatsidf
                0x00010ab8                __aeabi_ui2d
                0x00010adc                __aeabi_i2d
                0x00010ab8                __floatunsidf
                0x00010808                __subdf3
                0x00010b58                __floatdidf
                0x0001080c                __adddf3
                0x00010b58                __aeabi_l2d
                0x00010b04                __aeabi_f2d
                0x00010b44                __aeabi_ul2d
                0x00010800                __aeabi_drsub
                0x00010b04                __extendsfdf2
                0x0001080c                __aeabi_dadd
                0x00010808                __aeabi_dsub
 .text          0x00010bb8      0x470 c:/program files/ept-tools/ept-sdk/sourcery g++ lite/bin/../lib/gcc/arm-none-linux-gnueabi/4.3.3\libgcc.a(_arm_muldivdf3.o)
                0x00010bb8                __muldf3
                0x00010e24                __divdf3
                0x00010bb8                __aeabi_dmul
                0x00010e24                __aeabi_ddiv
 .text          0x00011028       0x54 c:/program files/ept-tools/ept-sdk/sourcery g++ lite/bin/../lib/gcc/arm-none-linux-gnueabi/4.3.3\libgcc.a(_arm_fixunsdfsi.o)
                0x00011028                __fixunsdfsi
                0x00011028                __aeabi_d2uiz
 .text          0x0001107c       0xa0 c:/program files/ept-tools/ept-sdk/sourcery g++ lite/bin/../lib/gcc/arm-none-linux-gnueabi/4.3.3\libgcc.a(_arm_truncdfsf2.o)
                0x0001107c                __aeabi_d2f
                0x0001107c                __truncdfsf2
 .text          0x0001111c      0x250 c:/program files/ept-tools/ept-sdk/sourcery g++ lite/bin/../lib/gcc/arm-none-linux-gnueabi/4.3.3\libgcc.a(_arm_addsubsf3.o)
                0x00011128                __aeabi_fadd
                0x000112f0                __aeabi_l2f
                0x000112e0                __aeabi_ul2f
                0x00011124                __subsf3
                0x000112c0                __floatsisf
                0x00011128                __addsf3
                0x0001111c                __aeabi_frsub
                0x000112f0                __floatdisf
                0x00011124                __aeabi_fsub
                0x000112b8                __aeabi_ui2f
                0x000112c0                __aeabi_i2f
                0x000112b8                __floatunsisf
                0x000112e0                __floatundisf
 .text          0x0001136c       0xfc c:/program files/ept-tools/ept-sdk/sourcery g++ lite/bin/../lib/gcc/arm-none-linux-gnueabi/4.3.3\libgcc.a(_arm_cmpsf2.o)
                0x0001136c                __gesf2
                0x00011440                __aeabi_fcmpge
                0x000113f0                __aeabi_cfcmple
                0x0001137c                __cmpsf2
                0x000113e0                __aeabi_cfrcmple
                0x000113f0                __aeabi_cfcmpeq
                0x00011374                __lesf2
                0x00011374                __ltsf2
                0x0001136c                __gtsf2
                0x00011418                __aeabi_fcmplt
                0x0001137c                __eqsf2
                0x00011404                __aeabi_fcmpeq
                0x0001137c                __nesf2
                0x0001142c                __aeabi_fcmple
                0x00011454                __aeabi_fcmpgt
 .text          0x00011468       0x60 c:/program files/ept-tools/ept-sdk/sourcery g++ lite/bin/../lib/gcc/arm-none-linux-gnueabi/4.3.3\libgcc.a(_fixunsdfdi.o)
                0x00011468                __aeabi_d2ulz
                0x00011468                __fixunsdfdi
 .text          0x000114c8       0x70 c:\program files\ept-tools\ept-sdk\sourcery g++ lite\bin\../arm-none-linux-gnueabi/libc/usr/lib/libc_nonshared.a(elf-init.oS)
                0x000114c8                __libc_csu_fini
                0x000114cc                __libc_csu_init
 *(.gnu.warning)
 *(.glue_7t)
 .glue_7t       0x00000000        0x0 linker stubs
 *(.glue_7)
 .glue_7        0x00000000        0x0 linker stubs
 *(.vfp11_veneer)
 .vfp11_veneer  0x00000000        0x0 linker stubs
 *(.v4_bx)
 .v4_bx         0x00000000        0x0 linker stubs

.fini           0x00011538        0x8
 *(.fini)
 .fini          0x00011538        0x4 c:/program files/ept-tools/ept-sdk/sourcery g++ lite/bin/../arm-none-linux-gnueabi/libc/usr/lib/crti.o
                0x00011538                _fini
 .fini          0x0001153c        0x4 c:/program files/ept-tools/ept-sdk/sourcery g++ lite/bin/../arm-none-linux-gnueabi/libc/usr/lib/crtn.o
                0x00011540                PROVIDE (__etext, .)
                0x00011540                PROVIDE (_etext, .)
                0x00011540                PROVIDE (etext, .)

.rodata         0x00011540     0x12f8
 *(.rodata .rodata.* .gnu.linkonce.r.*)
 .rodata        0x00011540       0x24 o\main.o
 .rodata.str1.4
                0x00011564      0xeb1 o\main.o
                                0xee0 (size before relaxing)
 *fill*         0x00012415        0x3 00
 .rodata.str1.4
                0x00012418      0x288 o\shell.o
                                0x2ac (size before relaxing)
 .rodata.days.6046
                0x000126a0       0x34 o\ydt.o
 .rodata.str1.4
                0x000126d4      0x130 o\ydt.o
                                0x1a4 (size before relaxing)
 .rodata.days_leap.6047
                0x00012804       0x34 o\ydt.o

.rodata1
 *(.rodata1)

.ARM.extab      0x00012838       0x30
 *(.ARM.extab* .gnu.linkonce.armextab.*)
 .ARM.extab.text.read_param_table
                0x00012838        0xc o\main.o
 .ARM.extab.text.query_today_summary
                0x00012844        0xc o\main.o
 .ARM.extab.text.browse_menu
                0x00012850        0xc o\ydt.o
 .ARM.extab.text.browse_menu_time
                0x0001285c        0xc o\ydt.o
                0x00012868                __exidx_start = .

.ARM.exidx      0x00012868      0x268
 *(.ARM.exidx* .gnu.linkonce.armexidx.*)
 .ARM.exidx     0x00012878        0x0 c:/program files/ept-tools/ept-sdk/sourcery g++ lite/bin/../arm-none-linux-gnueabi/libc/usr/lib/crt1.o
                                  0x8 (size before relaxing)
 .ARM.exidx     0x00012878        0x8 c:/program files/ept-tools/ept-sdk/sourcery g++ lite/bin/../arm-none-linux-gnueabi/libc/usr/lib/crti.o
 .ARM.exidx     0x00012880        0x8 c:/program files/ept-tools/ept-sdk/sourcery g++ lite/bin/../lib/gcc/arm-none-linux-gnueabi/4.3.3/crtbegin.o
                                 0x10 (size before relaxing)
 .ARM.exidx.text.Cal_Interval_Sec
                0x00012888        0x8 o\main.o
 .ARM.exidx.text.card_youhui_process
                0x00012890        0x8 o\main.o
 .ARM.exidx.text.ic_card_process
                0x00012898        0x8 o\main.o
 .ARM.exidx.text.set_pos_init
                0x000128a0        0x8 o\main.o
 .ARM.exidx.text.format_process
                0x000128a8        0x8 o\main.o
 .ARM.exidx.text.generate_backup_record_file
                0x000128b0        0x8 o\main.o
 .ARM.exidx.text.generate_record_file
                0x000128b8        0x8 o\main.o
 .ARM.exidx.text.send_backup_record_process
                0x000128c0        0x8 o\main.o
 .ARM.exidx.text.send_record_process
                0x000128c8        0x0 o\main.o
                                  0x8 (size before relaxing)
 .ARM.exidx.text.read_param_table
                0x000128c8        0x8 o\main.o
 .ARM.exidx.text.query_today_summary
                0x000128d0        0x8 o\main.o
 .ARM.exidx.text.set_ticket_number
                0x000128d8        0x8 o\main.o
 .ARM.exidx.text.set_pos_number
                0x000128e0        0x8 o\main.o
 .ARM.exidx.text.set_banci
                0x000128e8        0x8 o\main.o
 .ARM.exidx.text.choose_line
                0x000128f0        0x8 o\main.o
 .ARM.exidx.text.set_youhui_zhekou
                0x000128f8        0x8 o\main.o
 .ARM.exidx.text.bus_number_verify
                0x00012900        0x8 o\main.o
 .ARM.exidx.text.operator_login
                0x00012908        0x8 o\main.o
 .ARM.exidx.text.line_number_verify
                0x00012910        0x8 o\main.o
 .ARM.exidx.text.TimeFormatChk
                0x00012918        0x8 o\main.o
 .ARM.exidx.text.TimeModify
                0x00012920        0x8 o\main.o
 .ARM.exidx.text.msystem
                0x00012928        0x8 o\main.o
 .ARM.exidx.text.system_check
                0x00012930        0x8 o\main.o
 .ARM.exidx.text.card_yuepiao_process
                0x00012938        0x8 o\main.o
 .ARM.exidx.text.generate_ticket_info
                0x00012940        0x8 o\main.o
 .ARM.exidx.text.ic_yuepiaocard_process
                0x00012948        0x8 o\main.o
 .ARM.exidx.text.sell_ticket
                0x00012950        0x8 o\main.o
 .ARM.exidx.text.param_init
                0x00012958        0x8 o\main.o
 .ARM.exidx.text.main
                0x00012960        0x8 o\main.o
 .ARM.exidx.text.Cal_CRC16
                0x00012968        0x8 o\shell.o
 .ARM.exidx.text.test_crc16
                0x00012970        0x8 o\shell.o
 .ARM.exidx.text.InitCommands
                0x00012978        0x8 o\shell.o
 .ARM.exidx.text.armgetch2
                0x00012980        0x8 o\shell.o
 .ARM.exidx.text.armgetch
                0x00012988        0x8 o\shell.o
 .ARM.exidx.text.armputs
                0x00012990        0x8 o\shell.o
 .ARM.exidx.text.crf_func
                0x00012998        0x8 o\shell.o
 .ARM.exidx.text.del_func
                0x000129a0        0x8 o\shell.o
 .ARM.exidx.text.dir_func
                0x000129a8        0x8 o\shell.o
 .ARM.exidx.text.HelloFunc
                0x000129b0        0x8 o\shell.o
 .ARM.exidx.text.HelpFunc
                0x000129b8        0x8 o\shell.o
 .ARM.exidx.text.fput_func
                0x000129c0        0x8 o\shell.o
 .ARM.exidx.text.CommandAnalys
                0x000129c8        0x8 o\shell.o
 .ARM.exidx.text.communication
                0x000129d0        0x8 o\shell.o
 .ARM.exidx.text.fget_func
                0x000129d8        0x8 o\shell.o
 .ARM.exidx.text.CheckTimeFormat
                0x000129e0        0x8 o\ydt.o
 .ARM.exidx.text.ascii_to_hex
                0x000129e8        0x0 o\ydt.o
                                  0x8 (size before relaxing)
 .ARM.exidx.text.hextobcd
                0x000129e8        0x0 o\ydt.o
                                  0x8 (size before relaxing)
 .ARM.exidx.text.crc_check
                0x000129e8        0x8 o\ydt.o
 .ARM.exidx.text.comm_add_end
                0x000129f0        0x0 o\ydt.o
                                  0x8 (size before relaxing)
 .ARM.exidx.text.Is_Leap
                0x000129f0        0x8 o\ydt.o
 .ARM.exidx.text.cal_sec
                0x000129f8        0x8 o\ydt.o
 .ARM.exidx.text.sleep_ms
                0x00012a00        0x8 o\ydt.o
 .ARM.exidx.text.SleepMs
                0x00012a08        0x0 o\ydt.o
                                  0x8 (size before relaxing)
 .ARM.exidx.text.beep_failed
                0x00012a08        0x8 o\ydt.o
 .ARM.exidx.text.beep_success
                0x00012a10        0x8 o\ydt.o
 .ARM.exidx.text.com1_query_ch
                0x00012a18        0x8 o\ydt.o
 .ARM.exidx.text.com1_gets_keyboard
                0x00012a20        0x8 o\ydt.o
 .ARM.exidx.text.com1_gets
                0x00012a28        0x8 o\ydt.o
 .ARM.exidx.text.uart1_buf_flush
                0x00012a30        0x8 o\ydt.o
 .ARM.exidx.text.com1_snd_and_rcv2
                0x00012a38        0x8 o\ydt.o
 .ARM.exidx.text.com1_snd_and_rcv
                0x00012a40        0x0 o\ydt.o
                                  0x8 (size before relaxing)
 .ARM.exidx.text.lcddisperr
                0x00012a40        0x8 o\ydt.o
 .ARM.exidx.text.store_record
                0x00012a48        0x8 o\ydt.o
 .ARM.exidx.text.ReadParam
                0x00012a50        0x8 o\ydt.o
 .ARM.exidx.text.WriteParam
                0x00012a58        0x8 o\ydt.o
 .ARM.exidx.text.param_factory_default
                0x00012a60        0x8 o\ydt.o
 .ARM.exidx.text.lcddisp
                0x00012a68        0x8 o\ydt.o
 .ARM.exidx.text.get_input_str
                0x00012a70        0x8 o\ydt.o
 .ARM.exidx.text.browse_menu
                0x00012a78        0x8 o\ydt.o
 .ARM.exidx.text.Modify_Time
                0x00012a80        0x8 o\ydt.o
 .ARM.exidx.text.Get_Time
                0x00012a88        0x8 o\ydt.o
 .ARM.exidx.text.browse_menu_time
                0x00012a90       0x10 o\ydt.o
                                  0x8 (size before relaxing)
 .ARM.exidx     0x00012aa0        0x8 c:/program files/ept-tools/ept-sdk/sourcery g++ lite/bin/../lib/gcc/arm-none-linux-gnueabi/4.3.3\libgcc.a(_fixunsdfdi.o)
 .ARM.exidx     0x00012aa8       0x18 c:\program files\ept-tools\ept-sdk\sourcery g++ lite\bin\../arm-none-linux-gnueabi/libc/usr/lib/libc_nonshared.a(elf-init.oS)
                                 0x10 (size before relaxing)
 .ARM.exidx.init
                0x00012868       0x10 c:/program files/ept-tools/ept-sdk/sourcery g++ lite/bin/../arm-none-linux-gnueabi/libc/usr/lib/crtn.o
                                  0x8 (size before relaxing)
 .ARM.exidx.fini
                0x00012ac0       0x10 c:/program files/ept-tools/ept-sdk/sourcery g++ lite/bin/../arm-none-linux-gnueabi/libc/usr/lib/crtn.o
                                  0x8 (size before relaxing)
                0x00012ad0                __exidx_end = .

.eh_frame_hdr
 *(.eh_frame_hdr)

.eh_frame       0x00012ad0        0x4
 *(.eh_frame)
 .eh_frame      0x00012ad0        0x4 c:/program files/ept-tools/ept-sdk/sourcery g++ lite/bin/../lib/gcc/arm-none-linux-gnueabi/4.3.3/crtend.o

.gcc_except_table
 *(.gcc_except_table .gcc_except_table.*)
                0x00012ad4                . = (ALIGN (0x8000) - ((0x8000 - .) & 0x7fff))
                0x0001aad4                . = (0x8000 DATA_SEGMENT_ALIGN 0x1000)

.eh_frame
 *(.eh_frame)

.gcc_except_table
 *(.gcc_except_table .gcc_except_table.*)

.tdata
 *(.tdata .tdata.* .gnu.linkonce.td.*)

.tbss
 *(.tbss .tbss.* .gnu.linkonce.tb.*)
 *(.tcommon)

.preinit_array  0x0001aad4        0x0
                0x0001aad4                PROVIDE (__preinit_array_start, .)
 *(.preinit_array)
                0x0001aad4                PROVIDE (__preinit_array_end, .)

.init_array     0x0001aad4        0x4
                0x0001aad4                PROVIDE (__init_array_start, .)
 *(SORT(.init_array.*))
 *(.init_array)
 .init_array    0x0001aad4        0x4 c:/program files/ept-tools/ept-sdk/sourcery g++ lite/bin/../lib/gcc/arm-none-linux-gnueabi/4.3.3/crtbegin.o
                0x0001aad8                PROVIDE (__init_array_end, .)

.fini_array     0x0001aad8        0x4
                0x0001aad8                PROVIDE (__fini_array_start, .)
 *(.fini_array)
 .fini_array    0x0001aad8        0x4 c:/program files/ept-tools/ept-sdk/sourcery g++ lite/bin/../lib/gcc/arm-none-linux-gnueabi/4.3.3/crtbegin.o
 *(SORT(.fini_array.*))
                0x0001aadc                PROVIDE (__fini_array_end, .)

.ctors
 *crtbegin.o(.ctors)
 *crtbegin?.o(.ctors)
 *(EXCLUDE_FILE(*crtend?.o *crtend.o) .ctors)
 *(SORT(.ctors.*))
 *(.ctors)

.dtors
 *crtbegin.o(.dtors)
 *crtbegin?.o(.dtors)
 *(EXCLUDE_FILE(*crtend?.o *crtend.o) .dtors)
 *(SORT(.dtors.*))
 *(.dtors)

.jcr            0x0001aadc        0x4
 *(.jcr)
 .jcr           0x0001aadc        0x0 c:/program files/ept-tools/ept-sdk/sourcery g++ lite/bin/../lib/gcc/arm-none-linux-gnueabi/4.3.3/crtbegin.o
 .jcr           0x0001aadc        0x4 c:/program files/ept-tools/ept-sdk/sourcery g++ lite/bin/../lib/gcc/arm-none-linux-gnueabi/4.3.3/crtend.o

.data.rel.ro
 *(.data.rel.ro.local* .gnu.linkonce.d.rel.ro.local.*)
 *(.data.rel.ro* .gnu.linkonce.d.rel.ro.*)

.dynamic        0x0001aae0      0x118
 *(.dynamic)
 .dynamic       0x0001aae0      0x118 c:/program files/ept-tools/ept-sdk/sourcery g++ lite/bin/../arm-none-linux-gnueabi/libc/usr/lib/crti.o
                0x0001aae0                _DYNAMIC
                0x0001abf8                . = (. DATA_SEGMENT_RELRO_END 0x0)

.got            0x0001abf8       0xfc
 *(.got.plt)
 .got.plt       0x0001abf8       0xf8 c:/program files/ept-tools/ept-sdk/sourcery g++ lite/bin/../arm-none-linux-gnueabi/libc/usr/lib/crti.o
                0x0001abf8                _GLOBAL_OFFSET_TABLE_
 *(.got)
 .got           0x0001acf0        0x4 c:/program files/ept-tools/ept-sdk/sourcery g++ lite/bin/../arm-none-linux-gnueabi/libc/usr/lib/crti.o

.data           0x0001acf4      0x100
                0x0001acf4                __data_start = .
 *(.data .data.* .gnu.linkonce.d.*)
 .data.VERSION  0x0001acf4        0x4 o\main.o
                0x0001acf4                VERSION
 .data.setting_menu
                0x0001acf8       0x68 o\main.o
                0x0001acf8                setting_menu
 .data.main_menu
                0x0001ad60       0x90 o\main.o
                0x0001ad60                main_menu
 .data.BUSS_NUM_FULL_PRE
                0x0001adf0        0x4 o\main.o
                0x0001adf0                BUSS_NUM_FULL_PRE

.data1
 *(.data1)
                0x0001adf4                _edata = .
                0x0001adf4                PROVIDE (edata, .)
                0x0001adf4                __bss_start = .
                0x0001adf4                __bss_start__ = .

.bss            0x0001adf4     0x1f04
 *(.dynbss)
 .dynbss        0x00000000        0x0 c:/program files/ept-tools/ept-sdk/sourcery g++ lite/bin/../arm-none-linux-gnueabi/libc/usr/lib/crti.o
 *(.bss .bss.* .gnu.linkonce.b.*)
 .bss           0x0001adf4        0x1 c:/program files/ept-tools/ept-sdk/sourcery g++ lite/bin/../lib/gcc/arm-none-linux-gnueabi/4.3.3/crtbegin.o
 .bss.Flag_Exticket
                0x0001adf5        0x1 o\main.o
                0x0001adf5                Flag_Exticket
 .bss.argc      0x0001adf6        0x1 o\shell.o
 *fill*         0x0001adf7        0x1 00
 .bss.argv      0x0001adf8       0x50 o\shell.o
 *(COMMON)
 COMMON         0x0001ae48      0xe70 o\main.o
                0x0001ae48                line_menu
                0x0001b61c                DevStat
                0x0001b7a8                hDprinterHandle
                0x0001b7ac                hRS232Handle
                0x0001b7b0                STinfo
                0x0001b7b4                station_menu
                0x0001bba0                Linfo
                0x0001bba4                Tinfo
                0x0001bc24                OPinfo
                0x0001bc28                CardInfo
                0x0001bc54                dbuf
 COMMON         0x0001bcb8     0x1040 o\shell.o
                0x0001bcb8                Com1RcvBuf2
                0x0001c168                ShellComms
                0x0001c398                Com1SndBuf
                0x0001c848                Com1RcvBuf
                0x0001ccf8                . = ALIGN ((. != 0x0)?0x4:0x1)
                0x0001ccf8                _bss_end__ = .
                0x0001ccf8                __bss_end__ = .
                0x0001ccf8                . = ALIGN (0x4)
                0x0001ccf8                . = ALIGN (0x4)
                0x0001ccf8                __end__ = .
                0x0001ccf8                _end = .
                0x0001ccf8                PROVIDE (end, .)
                0x0001ccf8                . = DATA_SEGMENT_END (.)

.stab
 *(.stab)

.stabstr
 *(.stabstr)

.stab.excl
 *(.stab.excl)

.stab.exclstr
 *(.stab.exclstr)

.stab.index
 *(.stab.index)

.stab.indexstr
 *(.stab.indexstr)

.ARM.attributes
                0x00000000       0x2d
 .ARM.attributes
                0x00000000       0x2d c:/program files/ept-tools/ept-sdk/sourcery g++ lite/bin/../arm-none-linux-gnueabi/libc/usr/lib/crt1.o
 .ARM.attributes
                0x0000002d       0x31 c:/program files/ept-tools/ept-sdk/sourcery g++ lite/bin/../arm-none-linux-gnueabi/libc/usr/lib/crti.o
 .ARM.attributes
                0x0000005e       0x31 c:/program files/ept-tools/ept-sdk/sourcery g++ lite/bin/../lib/gcc/arm-none-linux-gnueabi/4.3.3/crtbegin.o
 .ARM.attributes
                0x0000008f       0x31 o\main.o
 .ARM.attributes
                0x000000c0       0x31 o\NormalData.o
 .ARM.attributes
                0x000000f1       0x31 o\shell.o
 .ARM.attributes
                0x00000122       0x31 o\ydt.o
 .ARM.attributes
                0x00000153       0x16 c:/program files/ept-tools/ept-sdk/sourcery g++ lite/bin/../lib/gcc/arm-none-linux-gnueabi/4.3.3\libgcc.a(_arm_addsubdf3.o)
 .ARM.attributes
                0x00000169       0x16 c:/program files/ept-tools/ept-sdk/sourcery g++ lite/bin/../lib/gcc/arm-none-linux-gnueabi/4.3.3\libgcc.a(_arm_muldivdf3.o)
 .ARM.attributes
                0x0000017f       0x16 c:/program files/ept-tools/ept-sdk/sourcery g++ lite/bin/../lib/gcc/arm-none-linux-gnueabi/4.3.3\libgcc.a(_arm_fixunsdfsi.o)
 .ARM.attributes
                0x00000195       0x16 c:/program files/ept-tools/ept-sdk/sourcery g++ lite/bin/../lib/gcc/arm-none-linux-gnueabi/4.3.3\libgcc.a(_arm_truncdfsf2.o)
 .ARM.attributes
                0x000001ab       0x16 c:/program files/ept-tools/ept-sdk/sourcery g++ lite/bin/../lib/gcc/arm-none-linux-gnueabi/4.3.3\libgcc.a(_arm_addsubsf3.o)
 .ARM.attributes
                0x000001c1       0x16 c:/program files/ept-tools/ept-sdk/sourcery g++ lite/bin/../lib/gcc/arm-none-linux-gnueabi/4.3.3\libgcc.a(_arm_cmpsf2.o)
 .ARM.attributes
                0x000001d7       0x31 c:/program files/ept-tools/ept-sdk/sourcery g++ lite/bin/../lib/gcc/arm-none-linux-gnueabi/4.3.3\libgcc.a(_fixunsdfdi.o)
 .ARM.attributes
                0x00000208       0x31 c:\program files\ept-tools\ept-sdk\sourcery g++ lite\bin\../arm-none-linux-gnueabi/libc/usr/lib/libc_nonshared.a(elf-init.oS)
 .ARM.attributes
                0x00000239       0x31 c:/program files/ept-tools/ept-sdk/sourcery g++ lite/bin/../lib/gcc/arm-none-linux-gnueabi/4.3.3/crtend.o
 .ARM.attributes
                0x0000026a       0x31 c:/program files/ept-tools/ept-sdk/sourcery g++ lite/bin/../arm-none-linux-gnueabi/libc/usr/lib/crtn.o

.comment        0x00000000       0xac
 *(.comment)
 .comment       0x00000000       0x2b o\main.o
 .comment       0x0000002b       0x2b o\NormalData.o
 .comment       0x00000056       0x2b o\shell.o
 .comment       0x00000081       0x2b o\ydt.o

.debug
 *(.debug)

.line
 *(.line)

.debug_srcinfo
 *(.debug_srcinfo)

.debug_sfnames
 *(.debug_sfnames)

.debug_aranges  0x00000000      0x348
 *(.debug_aranges)
 .debug_aranges
                0x00000000      0x148 o\main.o
 .debug_aranges
                0x00000148       0xb0 o\shell.o
 .debug_aranges
                0x000001f8      0x150 o\ydt.o

.debug_pubnames
                0x00000000      0x7e9
 *(.debug_pubnames)
 .debug_pubnames
                0x00000000      0x41c o\main.o
 .debug_pubnames
                0x0000041c      0x162 o\shell.o
 .debug_pubnames
                0x0000057e      0x26b o\ydt.o

.debug_info     0x00000000     0x6691
 *(.debug_info .gnu.linkonce.wi.*)
 .debug_info    0x00000000     0x347d o\main.o
 .debug_info    0x0000347d        0x0 o\NormalData.o
 .debug_info    0x0000347d     0x129d o\shell.o
 .debug_info    0x0000471a     0x1f77 o\ydt.o

.debug_abbrev   0x00000000      0xa07
 *(.debug_abbrev)
 .debug_abbrev  0x00000000      0x304 o\main.o
 .debug_abbrev  0x00000304        0x1 o\NormalData.o
 .debug_abbrev  0x00000305      0x38b o\shell.o
 .debug_abbrev  0x00000690      0x377 o\ydt.o

.debug_line     0x00000000     0x2808
 *(.debug_line)
 .debug_line    0x00000000     0x147c o\main.o
 .debug_line    0x0000147c        0x0 o\NormalData.o
 .debug_line    0x0000147c      0x77a o\shell.o
 .debug_line    0x00001bf6      0xc12 o\ydt.o

.debug_frame    0x00000000      0xc5c
 *(.debug_frame)
 .debug_frame   0x00000000      0x56c o\main.o
 .debug_frame   0x0000056c      0x248 o\shell.o
 .debug_frame   0x000007b4      0x438 o\ydt.o
 .debug_frame   0x00000bec       0x2c c:/program files/ept-tools/ept-sdk/sourcery g++ lite/bin/../lib/gcc/arm-none-linux-gnueabi/4.3.3\libgcc.a(_fixunsdfdi.o)
 .debug_frame   0x00000c18       0x44 c:\program files\ept-tools\ept-sdk\sourcery g++ lite\bin\../arm-none-linux-gnueabi/libc/usr/lib/libc_nonshared.a(elf-init.oS)

.debug_str      0x00000000     0x126c
 *(.debug_str)
 .debug_str     0x00000000      0xd12 o\main.o
                                0xe95 (size before relaxing)
 .debug_str     0x00000d12      0x1c9 o\shell.o
                                0x6a0 (size before relaxing)
 .debug_str     0x00000edb      0x391 o\ydt.o
                                0x9a5 (size before relaxing)

.debug_loc      0x00000000     0x2f64
 *(.debug_loc)
 .debug_loc     0x00000000     0x133c o\main.o
 .debug_loc     0x0000133c      0xaf5 o\shell.o
 .debug_loc     0x00001e31     0x1133 o\ydt.o

.debug_macinfo
 *(.debug_macinfo)

.debug_weaknames
 *(.debug_weaknames)

.debug_funcnames
 *(.debug_funcnames)

.debug_typenames
 *(.debug_typenames)

.debug_varnames
 *(.debug_varnames)

.debug_pubtypes
 *(.debug_pubtypes)

.debug_ranges   0x00000000      0xd58
 *(.debug_ranges)
 .debug_ranges  0x00000000      0x638 o\main.o
 .debug_ranges  0x00000638      0x218 o\shell.o
 .debug_ranges  0x00000850      0x508 o\ydt.o

.gnu.attributes
 *(.gnu.attributes)

.note.gnu.arm.ident
 *(.note.gnu.arm.ident)

/DISCARD/
 *(.note.GNU-stack)
 *(.gnu_debuglink)
OUTPUT(o\ticket_printer elf32-littlearm)
