Archive member included because of file (symbol)

c:/program files/ept-tools/ept-sdk/sourcery g++ lite/bin/../lib/gcc/arm-none-linux-gnueabi/4.3.3\libgcc.a(_arm_addsubdf3.o)
                              o\main.o (__aeabi_ui2d)
c:/program files/ept-tools/ept-sdk/sourcery g++ lite/bin/../lib/gcc/arm-none-linux-gnueabi/4.3.3\libgcc.a(_arm_muldivdf3.o)
                              o\main.o (__aeabi_dmul)
c:/program files/ept-tools/ept-sdk/sourcery g++ lite/bin/../lib/gcc/arm-none-linux-gnueabi/4.3.3\libgcc.a(_arm_fixunsdfsi.o)
                              o\main.o (__aeabi_d2uiz)
c:/program files/ept-tools/ept-sdk/sourcery g++ lite/bin/../lib/gcc/arm-none-linux-gnueabi/4.3.3\libgcc.a(_arm_truncdfsf2.o)
                              o\main.o (__aeabi_d2f)
c:/program files/ept-tools/ept-sdk/sourcery g++ lite/bin/../lib/gcc/arm-none-linux-gnueabi/4.3.3\libgcc.a(_arm_addsubsf3.o)
                              o\main.o (__aeabi_ui2f)
c:/program files/ept-tools/ept-sdk/sourcery g++ lite/bin/../lib/gcc/arm-none-linux-gnueabi/4.3.3\libgcc.a(_arm_cmpsf2.o)
                              o\main.o (__aeabi_fcmpgt)
c:/program files/ept-tools/ept-sdk/sourcery g++ lite/bin/../lib/gcc/arm-none-linux-gnueabi/4.3.3\libgcc.a(_fixunsdfdi.o)
                              C:\Program Files\EPT-Tools\EPT-SDK\EPT-A9L\so\libfs.so (__aeabi_d2ulz)
c:\program files\ept-tools\ept-sdk\sourcery g++ lite\bin\../arm-none-linux-gnueabi/libc/usr/lib/libc_nonshared.a(elf-init.oS)
                              c:/program files/ept-tools/ept-sdk/sourcery g++ lite/bin/../arm-none-linux-gnueabi/libc/usr/lib/crt1.o (__libc_csu_fini)

Allocating common symbols
Common symbol       size              file

line_menu           0x7d2             o\main.o
DevStat             0x18c             o\main.o
hDprinterHandle     0x4               o\main.o
hRS232Handle        0x4               o\main.o
STinfo              0x4               o\main.o
station_menu        0x3ea             o\main.o
Com1RcvBuf2         0x4b0             o\shell.o
Linfo               0x4               o\main.o
Tinfo               0x7f              o\main.o
OPinfo              0x4               o\main.o
CardInfo            0x2c              o\main.o
ShellComms          0x230             o\shell.o
dbuf                0x64              o\main.o
Com1SndBuf          0x4b0             o\shell.o
Com1RcvBuf          0x4b0             o\shell.o

Discarded input sections

 .note.ABI-tag  0x00000000        0x0 c:/program files/ept-tools/ept-sdk/sourcery g++ lite/bin/../arm-none-linux-gnueabi/libc/usr/lib/crt1.o
 .rodata.cst4   0x00000000        0x0 c:/program files/ept-tools/ept-sdk/sourcery g++ lite/bin/../arm-none-linux-gnueabi/libc/usr/lib/crt1.o
 .ARM.extab     0x00000000        0x0 c:/program files/ept-tools/ept-sdk/sourcery g++ lite/bin/../arm-none-linux-gnueabi/libc/usr/lib/crt1.o
 .data          0x00000000        0x0 c:/program files/ept-tools/ept-sdk/sourcery g++ lite/bin/../arm-none-linux-gnueabi/libc/usr/lib/crt1.o
 .bss           0x00000000        0x0 c:/program files/ept-tools/ept-sdk/sourcery g++ lite/bin/../arm-none-linux-gnueabi/libc/usr/lib/crt1.o
 .note.GNU-stack
                0x00000000        0x0 c:/program files/ept-tools/ept-sdk/sourcery g++ lite/bin/../arm-none-linux-gnueabi/libc/usr/lib/crt1.o
 .data          0x00000000        0x0 c:/program files/ept-tools/ept-sdk/sourcery g++ lite/bin/../arm-none-linux-gnueabi/libc/usr/lib/crti.o
 .bss           0x00000000        0x0 c:/program files/ept-tools/ept-sdk/sourcery g++ lite/bin/../arm-none-linux-gnueabi/libc/usr/lib/crti.o
 .ARM.extab     0x00000000        0x0 c:/program files/ept-tools/ept-sdk/sourcery g++ lite/bin/../arm-none-linux-gnueabi/libc/usr/lib/crti.o
 .note.GNU-stack
                0x00000000        0x0 c:/program files/ept-tools/ept-sdk/sourcery g++ lite/bin/../arm-none-linux-gnueabi/libc/usr/lib/crti.o
 .data          0x00000000        0x0 c:/program files/ept-tools/ept-sdk/sourcery g++ lite/bin/../lib/gcc/arm-none-linux-gnueabi/4.3.3/crtbegin.o
 .ARM.extab     0x00000000        0x0 c:/program files/ept-tools/ept-sdk/sourcery g++ lite/bin/../lib/gcc/arm-none-linux-gnueabi/4.3.3/crtbegin.o
 .note.GNU-stack
                0x00000000        0x0 c:/program files/ept-tools/ept-sdk/sourcery g++ lite/bin/../lib/gcc/arm-none-linux-gnueabi/4.3.3/crtbegin.o
 .text          0x00000000        0x0 o\main.o
 .data          0x00000000        0x0 o\main.o
 .bss           0x00000000        0x0 o\main.o
 .ARM.extab.text.Cal_Interval_Sec
                0x00000000        0x0 o\main.o
 .ARM.extab.text.card_youhui_process
                0x00000000        0x0 o\main.o
 .ARM.extab.text.ic_card_process
                0x00000000        0x0 o\main.o
 .text.query_capacity
                0x00000000        0x0 o\main.o
 .ARM.extab.text.query_capacity
                0x00000000        0x0 o\main.o
 .ARM.exidx.text.query_capacity
                0x00000000        0x0 o\main.o
 .ARM.extab.text.set_pos_init
                0x00000000        0x0 o\main.o
 .ARM.extab.text.format_process
                0x00000000        0x0 o\main.o
 .ARM.extab.text.generate_backup_record_file
                0x00000000        0x0 o\main.o
 .ARM.extab.text.generate_record_file
                0x00000000        0x0 o\main.o
 .ARM.extab.text.send_backup_record_process
                0x00000000        0x0 o\main.o
 .ARM.extab.text.send_record_process
                0x00000000        0x0 o\main.o
 .text.invalid_ticket_process
                0x00000000        0x0 o\main.o
 .ARM.extab.text.invalid_ticket_process
                0x00000000        0x0 o\main.o
 .ARM.exidx.text.invalid_ticket_process
                0x00000000        0x0 o\main.o
 .text.mdata    0x00000000        0x0 o\main.o
 .ARM.extab.text.mdata
                0x00000000        0x0 o\main.o
 .ARM.exidx.text.mdata
                0x00000000        0x0 o\main.o
 .text.print_ticket
                0x00000000        0x0 o\main.o
 .ARM.extab.text.print_ticket
                0x00000000        0x0 o\main.o
 .ARM.exidx.text.print_ticket
                0x00000000        0x0 o\main.o
 .text.printer_test
                0x00000000        0x0 o\main.o
 .ARM.extab.text.printer_test
                0x00000000        0x0 o\main.o
 .ARM.exidx.text.printer_test
                0x00000000        0x0 o\main.o
 .ARM.extab.text.set_ticket_number
                0x00000000        0x0 o\main.o
 .ARM.extab.text.set_pos_number
                0x00000000        0x0 o\main.o
 .ARM.extab.text.set_banci
                0x00000000        0x0 o\main.o
 .ARM.extab.text.choose_line
                0x00000000        0x0 o\main.o
 .ARM.extab.text.set_youhui_zhekou
                0x00000000        0x0 o\main.o
 .text.choose_end_station
                0x00000000        0x0 o\main.o
 .ARM.extab.text.choose_end_station
                0x00000000        0x0 o\main.o
 .ARM.exidx.text.choose_end_station
                0x00000000        0x0 o\main.o
 .text.choose_start_station
                0x00000000        0x0 o\main.o
 .ARM.extab.text.choose_start_station
                0x00000000        0x0 o\main.o
 .ARM.exidx.text.choose_start_station
                0x00000000        0x0 o\main.o
 .ARM.extab.text.bus_number_verify
                0x00000000        0x0 o\main.o
 .ARM.extab.text.operator_login
                0x00000000        0x0 o\main.o
 .ARM.extab.text.line_number_verify
                0x00000000        0x0 o\main.o
 .ARM.extab.text.TimeFormatChk
                0x00000000        0x0 o\main.o
 .ARM.extab.text.TimeModify
                0x00000000        0x0 o\main.o
 .ARM.extab.text.msystem
                0x00000000        0x0 o\main.o
 .ARM.extab.text.system_check
                0x00000000        0x0 o\main.o
 .ARM.extab.text.card_yuepiao_process
                0x00000000        0x0 o\main.o
 .ARM.extab.text.generate_summary_info
                0x00000000        0x0 o\main.o
 .ARM.extab.text.print_summary
                0x00000000        0x0 o\main.o
 .ARM.extab.text.generate_ticket_info
                0x00000000        0x0 o\main.o
 .ARM.extab.text.ic_yuepiaocard_process
                0x00000000        0x0 o\main.o
 .ARM.extab.text.sell_ticket
                0x00000000        0x0 o\main.o
 .ARM.extab.text.param_init
                0x00000000        0x0 o\main.o
 .ARM.extab.text.main
                0x00000000        0x0 o\main.o
 .data.confirm_menu
                0x00000000        0x0 o\main.o
 .data.data_menu
                0x00000000        0x0 o\main.o
 .note.GNU-stack
                0x00000000        0x0 o\main.o
 .text          0x00000000        0x0 o\NormalData.o
 .data          0x00000000        0x0 o\NormalData.o
 .bss           0x00000000        0x0 o\NormalData.o
 .note.GNU-stack
                0x00000000        0x0 o\NormalData.o
 .text          0x00000000        0x0 o\shell.o
 .data          0x00000000        0x0 o\shell.o
 .bss           0x00000000        0x0 o\shell.o
 .text.UpdateCRC16
                0x00000000        0x0 o\shell.o
 .ARM.extab.text.UpdateCRC16
                0x00000000        0x0 o\shell.o
 .ARM.exidx.text.UpdateCRC16
                0x00000000        0x0 o\shell.o
 .ARM.extab.text.Cal_CRC16
                0x00000000        0x0 o\shell.o
 .ARM.extab.text.test_crc16
                0x00000000        0x0 o\shell.o
 .ARM.extab.text.InitCommands
                0x00000000        0x0 o\shell.o
 .text.armgetch3
                0x00000000        0x0 o\shell.o
 .ARM.extab.text.armgetch3
                0x00000000        0x0 o\shell.o
 .ARM.exidx.text.armgetch3
                0x00000000        0x0 o\shell.o
 .ARM.extab.text.armgetch2
                0x00000000        0x0 o\shell.o
 .ARM.extab.text.armgetch
                0x00000000        0x0 o\shell.o
 .text.armputch
                0x00000000        0x0 o\shell.o
 .ARM.extab.text.armputch
                0x00000000        0x0 o\shell.o
 .ARM.exidx.text.armputch
                0x00000000        0x0 o\shell.o
 .text.arm_send_hex
                0x00000000        0x0 o\shell.o
 .ARM.extab.text.arm_send_hex
                0x00000000        0x0 o\shell.o
 .ARM.exidx.text.arm_send_hex
                0x00000000        0x0 o\shell.o
 .ARM.extab.text.armputs
                0x00000000        0x0 o\shell.o
 .ARM.extab.text.crf_func
                0x00000000        0x0 o\shell.o
 .ARM.extab.text.del_func
                0x00000000        0x0 o\shell.o
 .ARM.extab.text.dir_func
                0x00000000        0x0 o\shell.o
 .ARM.extab.text.HelloFunc
                0x00000000        0x0 o\shell.o
 .ARM.extab.text.HelpFunc
                0x00000000        0x0 o\shell.o
 .ARM.extab.text.fput_func
                0x00000000        0x0 o\shell.o
 .ARM.extab.text.CommandAnalys
                0x00000000        0x0 o\shell.o
 .ARM.extab.text.communication
                0x00000000        0x0 o\shell.o
 .ARM.extab.text.fget_func
                0x00000000        0x0 o\shell.o
 .note.GNU-stack
                0x00000000        0x0 o\shell.o
 .text          0x00000000        0x0 o\ydt.o
 .data          0x00000000        0x0 o\ydt.o
 .bss           0x00000000        0x0 o\ydt.o
 .ARM.extab.text.CheckTimeFormat
                0x00000000        0x0 o\ydt.o
 .ARM.extab.text.ascii_to_hex
                0x00000000        0x0 o\ydt.o
 .text.bcdtohex
                0x00000000        0x0 o\ydt.o
 .ARM.extab.text.bcdtohex
                0x00000000        0x0 o\ydt.o
 .ARM.exidx.text.bcdtohex
                0x00000000        0x0 o\ydt.o
 .ARM.extab.text.hextobcd
                0x00000000        0x0 o\ydt.o
 .text.ascii    0x00000000        0x0 o\ydt.o
 .ARM.extab.text.ascii
                0x00000000        0x0 o\ydt.o
 .ARM.exidx.text.ascii
                0x00000000        0x0 o\ydt.o
 .text.HextoBcd
                0x00000000        0x0 o\ydt.o
 .ARM.extab.text.HextoBcd
                0x00000000        0x0 o\ydt.o
 .ARM.exidx.text.HextoBcd
                0x00000000        0x0 o\ydt.o
 .text.atoh     0x00000000        0x0 o\ydt.o
 .ARM.extab.text.atoh
                0x00000000        0x0 o\ydt.o
 .ARM.exidx.text.atoh
                0x00000000        0x0 o\ydt.o
 .text.ascii_comm
                0x00000000        0x0 o\ydt.o
 .ARM.extab.text.ascii_comm
                0x00000000        0x0 o\ydt.o
 .ARM.exidx.text.ascii_comm
                0x00000000        0x0 o\ydt.o
 .text.Cal_Crc  0x00000000        0x0 o\ydt.o
 .ARM.extab.text.Cal_Crc
                0x00000000        0x0 o\ydt.o
 .ARM.exidx.text.Cal_Crc
                0x00000000        0x0 o\ydt.o
 .text.cal_crc  0x00000000        0x0 o\ydt.o
 .ARM.extab.text.cal_crc
                0x00000000        0x0 o\ydt.o
 .ARM.exidx.text.cal_crc
                0x00000000        0x0 o\ydt.o
 .ARM.extab.text.crc_check
                0x00000000        0x0 o\ydt.o
 .ARM.extab.text.comm_add_end
                0x00000000        0x0 o\ydt.o
 .ARM.extab.text.Is_Leap
                0x00000000        0x0 o\ydt.o
 .ARM.extab.text.cal_sec
                0x00000000        0x0 o\ydt.o
 .ARM.extab.text.sleep_ms
                0x00000000        0x0 o\ydt.o
 .ARM.extab.text.SleepMs
                0x00000000        0x0 o\ydt.o
 .text.beep     0x00000000        0x0 o\ydt.o
 .ARM.extab.text.beep
                0x00000000        0x0 o\ydt.o
 .ARM.exidx.text.beep
                0x00000000        0x0 o\ydt.o
 .ARM.extab.text.beep_failed
                0x00000000        0x0 o\ydt.o
 .ARM.extab.text.beep_success
                0x00000000        0x0 o\ydt.o
 .ARM.extab.text.com1_query_ch
                0x00000000        0x0 o\ydt.o
 .ARM.extab.text.com1_gets_keyboard
                0x00000000        0x0 o\ydt.o
 .ARM.extab.text.com1_gets
                0x00000000        0x0 o\ydt.o
 .ARM.extab.text.uart1_buf_flush
                0x00000000        0x0 o\ydt.o
 .text.com1_send_hex
                0x00000000        0x0 o\ydt.o
 .ARM.extab.text.com1_send_hex
                0x00000000        0x0 o\ydt.o
 .ARM.exidx.text.com1_send_hex
                0x00000000        0x0 o\ydt.o
 .ARM.extab.text.com1_snd_and_rcv2
                0x00000000        0x0 o\ydt.o
 .ARM.extab.text.com1_snd_and_rcv
                0x00000000        0x0 o\ydt.o
 .text.htoa     0x00000000        0x0 o\ydt.o
 .ARM.extab.text.htoa
                0x00000000        0x0 o\ydt.o
 .ARM.exidx.text.htoa
                0x00000000        0x0 o\ydt.o
 .ARM.extab.text.lcddisperr
                0x00000000        0x0 o\ydt.o
 .ARM.extab.text.store_record
                0x00000000        0x0 o\ydt.o
 .ARM.extab.text.ReadParam
                0x00000000        0x0 o\ydt.o
 .ARM.extab.text.WriteParam
                0x00000000        0x0 o\ydt.o
 .ARM.extab.text.param_factory_default
                0x00000000        0x0 o\ydt.o
 .ARM.extab.text.lcddisp
                0x00000000        0x0 o\ydt.o
 .ARM.extab.text.get_input_str
                0x00000000        0x0 o\ydt.o
 .text.browse_menu2
                0x00000000        0x0 o\ydt.o
 .ARM.extab.text.browse_menu2
                0x00000000        0x0 o\ydt.o
 .ARM.exidx.text.browse_menu2
                0x00000000        0x0 o\ydt.o
 .ARM.extab.text.Modify_Time
                0x00000000        0x0 o\ydt.o
 .ARM.extab.text.Get_Time
                0x00000000        0x0 o\ydt.o
 .note.GNU-stack
                0x00000000        0x0 o\ydt.o
 .data          0x00000000        0x0 c:/program files/ept-tools/ept-sdk/sourcery g++ lite/bin/../lib/gcc/arm-none-linux-gnueabi/4.3.3\libgcc.a(_arm_addsubdf3.o)
 .bss           0x00000000        0x0 c:/program files/ept-tools/ept-sdk/sourcery g++ lite/bin/../lib/gcc/arm-none-linux-gnueabi/4.3.3\libgcc.a(_arm_addsubdf3.o)
 .note.GNU-stack
                0x00000000        0x0 c:/program files/ept-tools/ept-sdk/sourcery g++ lite/bin/../lib/gcc/arm-none-linux-gnueabi/4.3.3\libgcc.a(_arm_addsubdf3.o)
 .data          0x00000000        0x0 c:/program files/ept-tools/ept-sdk/sourcery g++ lite/bin/../lib/gcc/arm-none-linux-gnueabi/4.3.3\libgcc.a(_arm_muldivdf3.o)
 .bss           0x00000000        0x0 c:/program files/ept-tools/ept-sdk/sourcery g++ lite/bin/../lib/gcc/arm-none-linux-gnueabi/4.3.3\libgcc.a(_arm_muldivdf3.o)
 .note.GNU-stack
                0x00000000        0x0 c:/program files/ept-tools/ept-sdk/sourcery g++ lite/bin/../lib/gcc/arm-none-linux-gnueabi/4.3.3\libgcc.a(_arm_muldivdf3.o)
 .data          0x00000000        0x0 c:/program files/ept-tools/ept-sdk/sourcery g++ lite/bin/../lib/gcc/arm-none-linux-gnueabi/4.3.3\libgcc.a(_arm_fixunsdfsi.o)
 .bss           0x00000000        0x0 c:/program files/ept-tools/ept-sdk/sourcery g++ lite/bin/../lib/gcc/arm-none-linux-gnueabi/4.3.3\libgcc.a(_arm_fixunsdfsi.o)
 .note.GNU-stack
                0x00000000        0x0 c:/program files/ept-tools/ept-sdk/sourcery g++ lite/bin/../lib/gcc/arm-none-linux-gnueabi/4.3.3\libgcc.a(_arm_fixunsdfsi.o)
 .data          0x00000000        0x0 c:/program files/ept-tools/ept-sdk/sourcery g++ lite/bin/../lib/gcc/arm-none-linux-gnueabi/4.3.3\libgcc.a(_arm_truncdfsf2.o)
 .bss           0x00000000        0x0 c:/program files/ept-tools/ept-sdk/sourcery g++ lite/bin/../lib/gcc/arm-none-linux-gnueabi/4.3.3\libgcc.a(_arm_truncdfsf2.o)
 .note.GNU-stack
                0x00000000        0x0 c:/program files/ept-tools/ept-sdk/sourcery g++ lite/bin/../lib/gcc/arm-none-linux-gnueabi/4.3.3\libgcc.a(_arm_truncdfsf2.o)
 .data          0x00000000        0x0 c:/program files/ept-tools/ept-sdk/sourcery g++ lite/bin/../lib/gcc/arm-none-linux-gnueabi/4.3.3\libgcc.a(_arm_addsubsf3.o)
 .bss           0x00000000        0x0 c:/program files/ept-tools/ept-sdk/sourcery g++ lite/bin/../lib/gcc/arm-none-linux-gnueabi/4.3.3\libgcc.a(_arm_addsubsf3.o)
 .note.GNU-stack
                0x00000000        0x0 c:/program files/ept-tools/ept-sdk/sourcery g++ lite/bin/../lib/gcc/arm-none-linux-gnueabi/4.3.3\libgcc.a(_arm_addsubsf3.o)
 .data          0x00000000        0x0 c:/program files/ept-tools/ept-sdk/sourcery g++ lite/bin/../lib/gcc/arm-none-linux-gnueabi/4.3.3\libgcc.a(_arm_cmpsf2.o)
 .bss           0x00000000        0x0 c:/program files/ept-tools/ept-sdk/sourcery g++ lite/bin/../lib/gcc/arm-none-linux-gnueabi/4.3.3\libgcc.a(_arm_cmpsf2.o)
 .note.GNU-stack
                0x00000000        0x0 c:/program files/ept-tools/ept-sdk/sourcery g++ lite/bin/../lib/gcc/arm-none-linux-gnueabi/4.3.3\libgcc.a(_arm_cmpsf2.o)
 .data          0x00000000        0x0 c:/program files/ept-tools/ept-sdk/sourcery g++ lite/bin/../lib/gcc/arm-none-linux-gnueabi/4.3.3\libgcc.a(_fixunsdfdi.o)
 .bss           0x00000000        0x0 c:/program files/ept-tools/ept-sdk/sourcery g++ lite/bin/../lib/gcc/arm-none-linux-gnueabi/4.3.3\libgcc.a(_fixunsdfdi.o)
 .ARM.extab     0x00000000        0x0 c:/program files/ept-tools/ept-sdk/sourcery g++ lite/bin/../lib/gcc/arm-none-linux-gnueabi/4.3.3\libgcc.a(_fixunsdfdi.o)
 .note.GNU-stack
                0x00000000        0x0 c:/program files/ept-tools/ept-sdk/sourcery g++ lite/bin/../lib/gcc/arm-none-linux-gnueabi/4.3.3\libgcc.a(_fixunsdfdi.o)
 .data          0x00000000        0x0 c:\program files\ept-tools\ept-sdk\sourcery g++ lite\bin\../arm-none-linux-gnueabi/libc/usr/lib/libc_nonshared.a(elf-init.oS)
 .bss           0x00000000        0x0 c:\program files\ept-tools\ept-sdk\sourcery g++ lite\bin\../arm-none-linux-gnueabi/libc/usr/lib/libc_nonshared.a(elf-init.oS)
 .ARM.extab     0x00000000        0x0 c:\program files\ept-tools\ept-sdk\sourcery g++ lite\bin\../arm-none-linux-gnueabi/libc/usr/lib/libc_nonshared.a(elf-init.oS)
 .note.GNU-stack
                0x00000000        0x0 c:\program files\ept-tools\ept-sdk\sourcery g++ lite\bin\../arm-none-linux-gnueabi/libc/usr/lib/libc_nonshared.a(elf-init.oS)
 .text          0x00000000        0x0 c:/program files/ept-tools/ept-sdk/sourcery g++ lite/bin/../lib/gcc/arm-none-linux-gnueabi/4.3.3/crtend.o
 .data          0x00000000        0x0 c:/program files/ept-tools/ept-sdk/sourcery g++ lite/bin/../lib/gcc/arm-none-linux-gnueabi/4.3.3/crtend.o
 .bss           0x00000000        0x0 c:/program files/ept-tools/ept-sdk/sourcery g++ lite/bin/../lib/gcc/arm-none-linux-gnueabi/4.3.3/crtend.o
 .note.GNU-stack
                0x00000000        0x0 c:/program files/ept-tools/ept-sdk/sourcery g++ lite/bin/../lib/gcc/arm-none-linux-gnueabi/4.3.3/crtend.o
 .text          0x00000000        0x0 c:/program files/ept-tools/ept-sdk/sourcery g++ lite/bin/../arm-none-linux-gnueabi/libc/usr/lib/crtn.o
 .data          0x00000000        0x0 c:/program files/ept-tools/ept-sdk/sourcery g++ lite/bin/../arm-none-linux-gnueabi/libc/usr/lib/crtn.o
 .bss           0x00000000        0x0 c:/program files/ept-tools/ept-sdk/sourcery g++ lite/bin/../arm-none-linux-gnueabi/libc/usr/lib/crtn.o
 .ARM.extab.init
                0x00000000        0x0 c:/program files/ept-tools/ept-sdk/sourcery g++ lite/bin/../arm-none-linux-gnueabi/libc/usr/lib/crtn.o
 .ARM.extab.fini
                0x00000000        0x0 c:/program files/ept-tools/ept-sdk/sourcery g++ lite/bin/../arm-none-linux-gnueabi/libc/usr/lib/crtn.o
 .note.GNU-stack
                0x00000000        0x0 c:/program files/ept-tools/ept-sdk/sourcery g++ lite/bin/../arm-none-linux-gnueabi/libc/usr/lib/crtn.o

Memory Configuration

Name             Origin             Length             Attributes
*default*        0x00000000         0xffffffff

Linker script and memory map

LOAD c:/program files/ept-tools/ept-sdk/sourcery g++ lite/bin/../arm-none-linux-gnueabi/libc/usr/lib/crt1.o
LOAD c:/program files/ept-tools/ept-sdk/sourcery g++ lite/bin/../arm-none-linux-gnueabi/libc/usr/lib/crti.o
LOAD c:/program files/ept-tools/ept-sdk/sourcery g++ lite/bin/../lib/gcc/arm-none-linux-gnueabi/4.3.3/crtbegin.o
LOAD o\main.o
LOAD o\NormalData.o
LOAD o\shell.o
LOAD o\ydt.o
LOAD C:\Program Files\EPT-Tools\EPT-SDK\EPT-A9L\so\libcolorui.a
LOAD C:\Program Files\EPT-Tools\EPT-SDK\EPT-A9L\so\libdigitalled.a
LOAD C:\Program Files\EPT-Tools\EPT-SDK\EPT-A9L\so\libjpeg.a
LOAD C:\Program Files\EPT-Tools\EPT-SDK\EPT-A9L\so\libsignpanel.a
LOAD C:\Program Files\EPT-Tools\EPT-SDK\EPT-A9L\so\libSM.a
LOAD C:\Program Files\EPT-Tools\EPT-SDK\EPT-A9L\so\libalgorithm.so
LOAD C:\Program Files\EPT-Tools\EPT-SDK\EPT-A9L\so\libAt1604.so
LOAD C:\Program Files\EPT-Tools\EPT-SDK\EPT-A9L\so\libAt1608.so
LOAD C:\Program Files\EPT-Tools\EPT-SDK\EPT-A9L\so\libat24cxx.so
LOAD C:\Program Files\EPT-Tools\EPT-SDK\EPT-A9L\so\libAt45d041.so
LOAD C:\Program Files\EPT-Tools\EPT-SDK\EPT-A9L\so\libaudio.so
LOAD C:\Program Files\EPT-Tools\EPT-SDK\EPT-A9L\so\libbaseinfo.so
LOAD C:\Program Files\EPT-Tools\EPT-SDK\EPT-A9L\so\libbt.so
LOAD C:\Program Files\EPT-Tools\EPT-SDK\EPT-A9L\so\libcashbox.so
LOAD C:\Program Files\EPT-Tools\EPT-SDK\EPT-A9L\so\libcfginfo.so
LOAD C:\Program Files\EPT-Tools\EPT-SDK\EPT-A9L\so\libcommon.so
LOAD C:\Program Files\EPT-Tools\EPT-SDK\EPT-A9L\so\libCommu.so
LOAD C:\Program Files\EPT-Tools\EPT-SDK\EPT-A9L\so\libDhcp.so
LOAD C:\Program Files\EPT-Tools\EPT-SDK\EPT-A9L\so\libfam.so
LOAD C:\Program Files\EPT-Tools\EPT-SDK\EPT-A9L\so\libfindhidcomdev.so
LOAD C:\Program Files\EPT-Tools\EPT-SDK\EPT-A9L\so\libfs.so
LOAD C:\Program Files\EPT-Tools\EPT-SDK\EPT-A9L\so\libFsk.so
LOAD C:\Program Files\EPT-Tools\EPT-SDK\EPT-A9L\so\libGps.so
LOAD C:\Program Files\EPT-Tools\EPT-SDK\EPT-A9L\so\libGsm.so
LOAD C:\Program Files\EPT-Tools\EPT-SDK\EPT-A9L\so\libIccard.so
LOAD C:\Program Files\EPT-Tools\EPT-SDK\EPT-A9L\so\libissl.so
LOAD C:\Program Files\EPT-Tools\EPT-SDK\EPT-A9L\so\libjpeg.so
LOAD C:\Program Files\EPT-Tools\EPT-SDK\EPT-A9L\so\libMagcard.so
LOAD C:\Program Files\EPT-Tools\EPT-SDK\EPT-A9L\so\libMifs.so
LOAD C:\Program Files\EPT-Tools\EPT-SDK\EPT-A9L\so\libmodem.so
LOAD C:\Program Files\EPT-Tools\EPT-SDK\EPT-A9L\so\libpara.so
LOAD C:\Program Files\EPT-Tools\EPT-SDK\EPT-A9L\so\libpinpad.so
LOAD C:\Program Files\EPT-Tools\EPT-SDK\EPT-A9L\so\libpl2303.so
LOAD C:\Program Files\EPT-Tools\EPT-SDK\EPT-A9L\so\libpm.so
LOAD C:\Program Files\EPT-Tools\EPT-SDK\EPT-A9L\so\libPppdial.so
LOAD C:\Program Files\EPT-Tools\EPT-SDK\EPT-A9L\so\libPrinter.so
LOAD C:\Program Files\EPT-Tools\EPT-SDK\EPT-A9L\so\libscan.so
LOAD C:\Program Files\EPT-Tools\EPT-SDK\EPT-A9L\so\libsfs.so
LOAD C:\Program Files\EPT-Tools\EPT-SDK\EPT-A9L\so\libSim4428.so
LOAD C:\Program Files\EPT-Tools\EPT-SDK\EPT-A9L\so\libSim4442.so
LOAD C:\Program Files\EPT-Tools\EPT-SDK\EPT-A9L\so\libsysserv.so
LOAD C:\Program Files\EPT-Tools\EPT-SDK\EPT-A9L\so\libtms.so
LOAD C:\Program Files\EPT-Tools\EPT-SDK\EPT-A9L\so\libui.so
LOAD C:\Program Files\EPT-Tools\EPT-SDK\EPT-A9L\so\libvoice.so
LOAD C:\Program Files\EPT-Tools\EPT-SDK\Sourcery G++ Lite\arm-none-linux-gnueabi\libc\usr\lib/librt.so
LOAD C:\Program Files\EPT-Tools\EPT-SDK\Sourcery G++ Lite\arm-none-linux-gnueabi\libc\usr\lib/libpthread.so
START GROUP
LOAD c:\program files\ept-tools\ept-sdk\sourcery g++ lite\bin\../arm-none-linux-gnueabi/libc/lib/libpthread.so.0
LOAD c:\program files\ept-tools\ept-sdk\sourcery g++ lite\bin\../arm-none-linux-gnueabi/libc/usr/lib/libpthread_nonshared.a
END GROUP
LOAD C:\Program Files\EPT-Tools\EPT-SDK\Sourcery G++ Lite\arm-none-linux-gnueabi\libc\usr\lib/libdl.so
LOAD c:/program files/ept-tools/ept-sdk/sourcery g++ lite/bin/../lib/gcc/arm-none-linux-gnueabi/4.3.3\libgcc.a
LOAD c:/program files/ept-tools/ept-sdk/sourcery g++ lite/bin/../arm-none-linux-gnueabi/libc/lib/libgcc_s.so
LOAD C:\Program Files\EPT-Tools\EPT-SDK\Sourcery G++ Lite\arm-none-linux-gnueabi\libc\usr\lib/libc.so
START GROUP
LOAD c:\program files\ept-tools\ept-sdk\sourcery g++ lite\bin\../arm-none-linux-gnueabi/libc/lib/libc.so.6
LOAD c:\program files\ept-tools\ept-sdk\sourcery g++ lite\bin\../arm-none-linux-gnueabi/libc/usr/lib/libc_nonshared.a
LOAD c:\program files\ept-tools\ept-sdk\sourcery g++ lite\bin\../arm-none-linux-gnueabi/libc/lib/ld-linux.so.3
END GROUP
LOAD c:/program files/ept-tools/ept-sdk/sourcery g++ lite/bin/../lib/gcc/arm-none-linux-gnueabi/4.3.3\libgcc.a
LOAD c:/program files/ept-tools/ept-sdk/sourcery g++ lite/bin/../arm-none-linux-gnueabi/libc/lib/libgcc_s.so
LOAD c:/program files/ept-tools/ept-sdk/sourcery g++ lite/bin/../lib/gcc/arm-none-linux-gnueabi/4.3.3/crtend.o
LOAD c:/program files/ept-tools/ept-sdk/sourcery g++ lite/bin/../arm-none-linux-gnueabi/libc/usr/lib/crtn.o
                0x00008000                PROVIDE (__executable_start, 0x8000)
                0x00008114                . = (0x8000 + SIZEOF_HEADERS)

.interp         0x00008114       0x13
 *(.interp)
 .interp        0x00008114       0x13 c:/program files/ept-tools/ept-sdk/sourcery g++ lite/bin/../arm-none-linux-gnueabi/libc/usr/lib/crti.o

.note.gnu.build-id
 *(.note.gnu.build-id)

.hash
 *(.hash)

.gnu.hash       0x00008128      0x340
 *(.gnu.hash)
 .gnu.hash      0x00008128      0x340 c:/program files/ept-tools/ept-sdk/sourcery g++ lite/bin/../arm-none-linux-gnueabi/libc/usr/lib/crti.o

.dynsym         0x00008468      0x450
 *(.dynsym)
 .dynsym        0x00008468      0x450 c:/program files/ept-tools/ept-sdk/sourcery g++ lite/bin/../arm-none-linux-gnueabi/libc/usr/lib/crti.o

.dynstr         0x000088b8      0x44f
 *(.dynstr)
 .dynstr        0x000088b8      0x44f c:/program files/ept-tools/ept-sdk/sourcery g++ lite/bin/../arm-none-linux-gnueabi/libc/usr/lib/crti.o

.gnu.version    0x00008d08       0x8a
 *(.gnu.version)
 .gnu.version   0x00008d08       0x8a c:/program files/ept-tools/ept-sdk/sourcery g++ lite/bin/../arm-none-linux-gnueabi/libc/usr/lib/crti.o

.gnu.version_d  0x00008d94        0x0 load address 0x00008d92
 *(.gnu.version_d)
 .gnu.version_d
                0x00000000        0x0 c:/program files/ept-tools/ept-sdk/sourcery g++ lite/bin/../arm-none-linux-gnueabi/libc/usr/lib/crti.o

.gnu.version_r  0x00008d94       0xe0
 *(.gnu.version_r)
 .gnu.version_r
                0x00008d94       0xe0 c:/program files/ept-tools/ept-sdk/sourcery g++ lite/bin/../arm-none-linux-gnueabi/libc/usr/lib/crti.o

.rel.dyn        0x00008e74        0x8
 *(.rel.init)
 *(.rel.text .rel.text.* .rel.gnu.linkonce.t.*)
 *(.rel.fini)
 *(.rel.rodata .rel.rodata.* .rel.gnu.linkonce.r.*)
 *(.rel.data.rel.ro* .rel.gnu.linkonce.d.rel.ro.*)
 *(.rel.data .rel.data.* .rel.gnu.linkonce.d.*)
 *(.rel.tdata .rel.tdata.* .rel.gnu.linkonce.td.*)
 *(.rel.tbss .rel.tbss.* .rel.gnu.linkonce.tb.*)
 *(.rel.ctors)
 *(.rel.dtors)
 *(.rel.got)
 .rel.got       0x00008e74        0x8 c:/program files/ept-tools/ept-sdk/sourcery g++ lite/bin/../arm-none-linux-gnueabi/libc/usr/lib/crti.o
 *(.rel.bss .rel.bss.* .rel.gnu.linkonce.b.*)
 .rel.bss       0x00000000        0x0 c:/program files/ept-tools/ept-sdk/sourcery g++ lite/bin/../arm-none-linux-gnueabi/libc/usr/lib/crti.o

.rel.ifunc.dyn
 *(.rel.ifunc.*)

.rela.dyn
 *(.rela.init)
 *(.rela.text .rela.text.* .rela.gnu.linkonce.t.*)
 *(.rela.fini)
 *(.rela.rodata .rela.rodata.* .rela.gnu.linkonce.r.*)
 *(.rela.data .rela.data.* .rela.gnu.linkonce.d.*)
 *(.rela.tdata .rela.tdata.* .rela.gnu.linkonce.td.*)
 *(.rela.tbss .rela.tbss.* .rela.gnu.linkonce.tb.*)
 *(.rela.ctors)
 *(.rela.dtors)
 *(.rela.got)
 *(.rela.bss .rela.bss.* .rela.gnu.linkonce.b.*)

.rela.ifunc.dyn
 *(.rela.ifunc.*)

.rel.plt        0x00008e7c      0x200
 *(.rel.plt)
 .rel.plt       0x00008e7c      0x200 c:/program files/ept-tools/ept-sdk/sourcery g++ lite/bin/../arm-none-linux-gnueabi/libc/usr/lib/crti.o

.rela.plt
 *(.rela.plt)

.init           0x0000907c        0xc
 *(.init)
 .init          0x0000907c        0x8 c:/program files/ept-tools/ept-sdk/sourcery g++ lite/bin/../arm-none-linux-gnueabi/libc/usr/lib/crti.o
                0x0000907c                _init
 .init          0x00009084        0x4 c:/program files/ept-tools/ept-sdk/sourcery g++ lite/bin/../arm-none-linux-gnueabi/libc/usr/lib/crtn.o

.plt            0x00009088      0x314
 *(.plt)
 .plt           0x00009088      0x314 c:/program files/ept-tools/ept-sdk/sourcery g++ lite/bin/../arm-none-linux-gnueabi/libc/usr/lib/crti.o
                0x0000909c                EA_ucPFReadRec@@FFS_1.0
                0x000090a8                EA_ucPFDel@@FFS_1.0
                0x000090b4                EA_ucGetPassTimer@@COMMON_1.0
                0x000090c0                EA_i64CfsRead@@FFS_1.0
                0x000090cc                abort@@GLIBC_2.4
                0x000090d8                EA_pvMalloc@@COMMON_1.0
                0x000090e4                __libc_start_main@@GLIBC_2.4
                0x000090f0                EA_ucPFOpen@@FFS_1.0
                0x000090fc                EA_vTextOut@@UI_1.0
                0x00009114                EA_ucGetDateTime@@COMMON_1.0
                0x00009120                __strcat_chk@@GLIBC_2.4
                0x0000912c                EA_ucReadDevice@@COMMON_1.0
                0x00009138                strtod@@GLIBC_2.4
                0x00009144                strchr@@GLIBC_2.4
                0x00009150                EA_vFree@@COMMON_1.0
                0x0000915c                EA_ucGetInputStr@@UI_1.0
                0x00009168                EA_ucLinePrinter@@PRINT_1.0
                0x00009174                EA_ucInitPrinter@@PRINT_1.0
                0x00009180                EA_vDelayMs@@COMMON_1.0
                0x0000918c                memset@@GLIBC_2.4
                0x00009198                EA_iCfsFtruncate@@FFS_1.0
                0x000091a4                EA_ucSetDateTime@@COMMON_1.0
                0x000091b0                EA_ucWriteParamFile@@PARA_1.0
                0x000091bc                EA_ucPFClose@@FFS_1.0
                0x000091c8                EA_i64CfsWrite@@FFS_1.0
                0x000091d4                EA_ucPFCreateLoop@@FFS_1.0
                0x000091e0                EA_iCfsGetFileSystemInfo@@FFS_1.0
                0x000091ec                EA_vDisp@@UI_1.0
                0x000091f8                strlen@@GLIBC_2.4
                0x00009204                sscanf@@GLIBC_2.4
                0x00009210                EA_uiInkey@@UI_1.0
                0x0000921c                EA_ucWriteDevice@@COMMON_1.0
                0x00009228                EA_iCfsOpen@@FFS_1.0
                0x00009234                memcpy@@GLIBC_2.4
                0x00009240                EA_ucPFInfo@@FFS_1.0
                0x0000924c                EA_iCfsFsync@@FFS_1.0
                0x00009258                EA_vCls@@UI_1.0
                0x00009264                strcpy@@GLIBC_2.4
                0x00009270                EA_ucPFWriteRec@@FFS_1.0
                0x0000927c                EA_vDisplay@@UI_1.0
                0x00009288                EA_ucInitRS232@@COMMON_1.0
                0x00009294                EA_iCfsDelete@@FFS_1.0
                0x000092a0                EA_ucSetInverse@@UI_1.0
                0x000092ac                strstr@@GLIBC_2.4
                0x000092b8                EA_ucKBHit@@UI_1.0
                0x000092c4                EA_ucSetPrinterFormat@@PRINT_1.0
                0x000092d0                EA_ucCreateParamFile@@PARA_1.0
                0x000092dc                EA_vBeepMs@@COMMON_1.0
                0x000092e8                EA_iCfsGetFileNum@@FFS_1.0
                0x000092f4                EA_ucOpenDevice@@COMMON_1.0
                0x00009300                EA_ucCloseDevice@@COMMON_1.0
                0x0000930c                EA_ucResetTimer@@COMMON_1.0
                0x00009318                EA_ucReadParamFile@@PARA_1.0
                0x00009324                EA_i64CfsGetFileSize@@FFS_1.0
                0x00009330                EA_vDelay@@COMMON_1.0
                0x0000933c                EA_iCfsClose@@FFS_1.0
                0x00009348                __sprintf_chk@@GLIBC_2.4
                0x00009354                EA_ucPFCreate@@FFS_1.0
                0x00009360                EA_ucClearRS232@@COMMON_1.0
                0x0000936c                __strcpy_chk@@GLIBC_2.4
                0x00009378                strcmp@@GLIBC_2.4
                0x00009384                EA_ucCloseTimer@@COMMON_1.0
                0x00009390                EA_ucCreateTimer@@COMMON_1.0

.text           0x0000939c     0x8e58
 *(.text .stub .text.* .gnu.linkonce.t.*)
 .text          0x0000939c       0x38 c:/program files/ept-tools/ept-sdk/sourcery g++ lite/bin/../arm-none-linux-gnueabi/libc/usr/lib/crt1.o
                0x0000939c                _start
 .text          0x000093d4       0x24 c:/program files/ept-tools/ept-sdk/sourcery g++ lite/bin/../arm-none-linux-gnueabi/libc/usr/lib/crti.o
 .text          0x000093f8       0x4c c:/program files/ept-tools/ept-sdk/sourcery g++ lite/bin/../lib/gcc/arm-none-linux-gnueabi/4.3.3/crtbegin.o
 .text.Cal_Interval_Sec
                0x00009444      0x23c o\main.o
                0x00009444                Cal_Interval_Sec
 .text.card_youhui_process
                0x00009680      0x3a4 o\main.o
                0x00009680                card_youhui_process
 .text.ic_card_process
                0x00009a24      0x2d0 o\main.o
                0x00009a24                ic_card_process
 .text.set_pos_init
                0x00009cf4      0x12c o\main.o
                0x00009cf4                set_pos_init
 .text.format_process
                0x00009e20      0x1bc o\main.o
                0x00009e20                format_process
 .text.generate_backup_record_file
                0x00009fdc      0x264 o\main.o
                0x00009fdc                generate_backup_record_file
 .text.generate_record_file
                0x0000a240      0x27c o\main.o
                0x0000a240                generate_record_file
 .text.send_backup_record_process
                0x0000a4bc       0xf4 o\main.o
                0x0000a4bc                send_backup_record_process
 .text.send_record_process
                0x0000a5b0       0xf0 o\main.o
                0x0000a5b0                send_record_process
 .text.read_param_table
                0x0000a6a0      0x920 o\main.o
                0x0000a6a0                read_param_table
 .text.set_ticket_number
                0x0000afc0      0x15c o\main.o
                0x0000afc0                set_ticket_number
 .text.set_pos_number
                0x0000b11c      0x10c o\main.o
                0x0000b11c                set_pos_number
 .text.set_banci
                0x0000b228      0x160 o\main.o
                0x0000b228                set_banci
 .text.choose_line
                0x0000b388       0xb8 o\main.o
                0x0000b388                choose_line
 .text.set_youhui_zhekou
                0x0000b440      0x164 o\main.o
                0x0000b440                set_youhui_zhekou
 .text.bus_number_verify
                0x0000b5a4      0x1f0 o\main.o
                0x0000b5a4                bus_number_verify
 .text.operator_login
                0x0000b794      0x394 o\main.o
                0x0000b794                operator_login
 .text.line_number_verify
                0x0000bb28       0xe4 o\main.o
                0x0000bb28                line_number_verify
 .text.TimeFormatChk
                0x0000bc0c       0x30 o\main.o
                0x0000bc0c                TimeFormatChk
 .text.TimeModify
                0x0000bc3c      0x1f0 o\main.o
                0x0000bc3c                TimeModify
 .text.msystem  0x0000be2c      0x178 o\main.o
                0x0000be2c                msystem
 .text.system_check
                0x0000bfa4       0x50 o\main.o
                0x0000bfa4                system_check
 .text.card_yuepiao_process
                0x0000bff4      0x470 o\main.o
                0x0000bff4                card_yuepiao_process
 .text.generate_summary_info
                0x0000c464      0x200 o\main.o
                0x0000c464                generate_summary_info
 .text.print_summary
                0x0000c664      0x5bc o\main.o
                0x0000c664                print_summary
 .text.query_today_summary
                0x0000cc20      0x9e4 o\main.o
                0x0000cc20                query_today_summary
 .text.generate_ticket_info
                0x0000d604      0x26c o\main.o
                0x0000d604                generate_ticket_info
 .text.ic_yuepiaocard_process
                0x0000d870      0x334 o\main.o
                0x0000d870                ic_yuepiaocard_process
 .text.sell_ticket
                0x0000dba4      0x484 o\main.o
                0x0000dba4                sell_ticket
 .text.param_init
                0x0000e028      0x280 o\main.o
                0x0000e028                param_init
 .text.main     0x0000e2a8       0xb0 o\main.o
                0x0000e2a8                main
 .text.Cal_CRC16
                0x0000e358       0xcc o\shell.o
                0x0000e358                Cal_CRC16
 .text.test_crc16
                0x0000e424       0x4c o\shell.o
                0x0000e424                test_crc16
 .text.InitCommands
                0x0000e470      0x160 o\shell.o
                0x0000e470                InitCommands
 .text.armgetch2
                0x0000e5d0       0xa0 o\shell.o
                0x0000e5d0                armgetch2
 .text.armgetch
                0x0000e670       0x78 o\shell.o
                0x0000e670                armgetch
 .text.armputs  0x0000e6e8       0x2c o\shell.o
                0x0000e6e8                armputs
 .text.crf_func
                0x0000e714      0x188 o\shell.o
                0x0000e714                crf_func
 .text.del_func
                0x0000e89c       0x74 o\shell.o
                0x0000e89c                del_func
 .text.dir_func
                0x0000e910       0xb8 o\shell.o
                0x0000e910                dir_func
 .text.HelloFunc
                0x0000e9c8       0x58 o\shell.o
                0x0000e9c8                HelloFunc
 .text.HelpFunc
                0x0000ea20       0x80 o\shell.o
                0x0000ea20                HelpFunc
 .text.fput_func
                0x0000eaa0      0x3f0 o\shell.o
                0x0000eaa0                fput_func
 .text.CommandAnalys
                0x0000ee90      0x168 o\shell.o
                0x0000ee90                CommandAnalys
 .text.communication
                0x0000eff8      0x238 o\shell.o
                0x0000eff8                communication
 .text.fget_func
                0x0000f230      0x3fc o\shell.o
                0x0000f230                fget_func
 .text.CheckTimeFormat
                0x0000f62c       0x84 o\ydt.o
                0x0000f62c                CheckTimeFormat
 .text.ascii_to_hex
                0x0000f6b0       0x64 o\ydt.o
                0x0000f6b0                ascii_to_hex
 .text.hextobcd
                0x0000f714       0x24 o\ydt.o
                0x0000f714                hextobcd
 .text.crc_check
                0x0000f738       0xa8 o\ydt.o
                0x0000f738                crc_check
 .text.comm_add_end
                0x0000f7e0       0x90 o\ydt.o
                0x0000f7e0                comm_add_end
 .text.Is_Leap  0x0000f870       0x54 o\ydt.o
                0x0000f870                Is_Leap
 .text.cal_sec  0x0000f8c4      0x1ac o\ydt.o
                0x0000f8c4                cal_sec
 .text.sleep_ms
                0x0000fa70        0x4 o\ydt.o
                0x0000fa70                sleep_ms
 .text.SleepMs  0x0000fa74        0x4 o\ydt.o
                0x0000fa74                SleepMs
 .text.beep_failed
                0x0000fa78       0x30 o\ydt.o
                0x0000fa78                beep_failed
 .text.beep_success
                0x0000faa8        0x8 o\ydt.o
                0x0000faa8                beep_success
 .text.com1_query_ch
                0x0000fab0       0x68 o\ydt.o
                0x0000fab0                com1_query_ch
 .text.com1_gets_keyboard
                0x0000fb18      0x160 o\ydt.o
                0x0000fb18                com1_gets_keyboard
 .text.com1_gets
                0x0000fc78      0x110 o\ydt.o
                0x0000fc78                com1_gets
 .text.uart1_buf_flush
                0x0000fd88       0x3c o\ydt.o
                0x0000fd88                uart1_buf_flush
 .text.com1_snd_and_rcv2
                0x0000fdc4       0xa8 o\ydt.o
                0x0000fdc4                com1_snd_and_rcv2
 .text.com1_snd_and_rcv
                0x0000fe6c       0xb4 o\ydt.o
                0x0000fe6c                com1_snd_and_rcv
 .text.lcddisperr
                0x0000ff20       0x28 o\ydt.o
                0x0000ff20                lcddisperr
 .text.store_record
                0x0000ff48       0xb8 o\ydt.o
                0x0000ff48                store_record
 .text.ReadParam
                0x00010000       0x8c o\ydt.o
                0x00010000                ReadParam
 .text.WriteParam
                0x0001008c       0xd4 o\ydt.o
                0x0001008c                WriteParam
 .text.param_factory_default
                0x00010160      0x2b4 o\ydt.o
                0x00010160                param_factory_default
 .text.lcddisp  0x00010414        0x4 o\ydt.o
                0x00010414                lcddisp
 .text.get_input_str
                0x00010418      0x458 o\ydt.o
                0x00010418                get_input_str
 .text.browse_menu
                0x00010870      0x514 o\ydt.o
                0x00010870                browse_menu
 .text.Modify_Time
                0x00010d84       0xb8 o\ydt.o
                0x00010d84                Modify_Time
 .text.Get_Time
                0x00010e3c       0x90 o\ydt.o
                0x00010e3c                Get_Time
 .text.browse_menu_time
                0x00010ecc      0x5f0 o\ydt.o
                0x00010ecc                browse_menu_time
 .text          0x000114bc      0x3b8 c:/program files/ept-tools/ept-sdk/sourcery g++ lite/bin/../lib/gcc/arm-none-linux-gnueabi/4.3.3\libgcc.a(_arm_addsubdf3.o)
                0x00011800                __floatundidf
                0x00011798                __floatsidf
                0x00011774                __aeabi_ui2d
                0x00011798                __aeabi_i2d
                0x00011774                __floatunsidf
                0x000114c4                __subdf3
                0x00011814                __floatdidf
                0x000114c8                __adddf3
                0x00011814                __aeabi_l2d
                0x000117c0                __aeabi_f2d
                0x00011800                __aeabi_ul2d
                0x000114bc                __aeabi_drsub
                0x000117c0                __extendsfdf2
                0x000114c8                __aeabi_dadd
                0x000114c4                __aeabi_dsub
 .text          0x00011874      0x470 c:/program files/ept-tools/ept-sdk/sourcery g++ lite/bin/../lib/gcc/arm-none-linux-gnueabi/4.3.3\libgcc.a(_arm_muldivdf3.o)
                0x00011874                __muldf3
                0x00011ae0                __divdf3
                0x00011874                __aeabi_dmul
                0x00011ae0                __aeabi_ddiv
 .text          0x00011ce4       0x54 c:/program files/ept-tools/ept-sdk/sourcery g++ lite/bin/../lib/gcc/arm-none-linux-gnueabi/4.3.3\libgcc.a(_arm_fixunsdfsi.o)
                0x00011ce4                __fixunsdfsi
                0x00011ce4                __aeabi_d2uiz
 .text          0x00011d38       0xa0 c:/program files/ept-tools/ept-sdk/sourcery g++ lite/bin/../lib/gcc/arm-none-linux-gnueabi/4.3.3\libgcc.a(_arm_truncdfsf2.o)
                0x00011d38                __aeabi_d2f
                0x00011d38                __truncdfsf2
 .text          0x00011dd8      0x250 c:/program files/ept-tools/ept-sdk/sourcery g++ lite/bin/../lib/gcc/arm-none-linux-gnueabi/4.3.3\libgcc.a(_arm_addsubsf3.o)
                0x00011de4                __aeabi_fadd
                0x00011fac                __aeabi_l2f
                0x00011f9c                __aeabi_ul2f
                0x00011de0                __subsf3
                0x00011f7c                __floatsisf
                0x00011de4                __addsf3
                0x00011dd8                __aeabi_frsub
                0x00011fac                __floatdisf
                0x00011de0                __aeabi_fsub
                0x00011f74                __aeabi_ui2f
                0x00011f7c                __aeabi_i2f
                0x00011f74                __floatunsisf
                0x00011f9c                __floatundisf
 .text          0x00012028       0xfc c:/program files/ept-tools/ept-sdk/sourcery g++ lite/bin/../lib/gcc/arm-none-linux-gnueabi/4.3.3\libgcc.a(_arm_cmpsf2.o)
                0x00012028                __gesf2
                0x000120fc                __aeabi_fcmpge
                0x000120ac                __aeabi_cfcmple
                0x00012038                __cmpsf2
                0x0001209c                __aeabi_cfrcmple
                0x000120ac                __aeabi_cfcmpeq
                0x00012030                __lesf2
                0x00012030                __ltsf2
                0x00012028                __gtsf2
                0x000120d4                __aeabi_fcmplt
                0x00012038                __eqsf2
                0x000120c0                __aeabi_fcmpeq
                0x00012038                __nesf2
                0x000120e8                __aeabi_fcmple
                0x00012110                __aeabi_fcmpgt
 .text          0x00012124       0x60 c:/program files/ept-tools/ept-sdk/sourcery g++ lite/bin/../lib/gcc/arm-none-linux-gnueabi/4.3.3\libgcc.a(_fixunsdfdi.o)
                0x00012124                __aeabi_d2ulz
                0x00012124                __fixunsdfdi
 .text          0x00012184       0x70 c:\program files\ept-tools\ept-sdk\sourcery g++ lite\bin\../arm-none-linux-gnueabi/libc/usr/lib/libc_nonshared.a(elf-init.oS)
                0x00012184                __libc_csu_fini
                0x00012188                __libc_csu_init
 *(.gnu.warning)
 *(.glue_7t)
 .glue_7t       0x00000000        0x0 linker stubs
 *(.glue_7)
 .glue_7        0x00000000        0x0 linker stubs
 *(.vfp11_veneer)
 .vfp11_veneer  0x00000000        0x0 linker stubs
 *(.v4_bx)
 .v4_bx         0x00000000        0x0 linker stubs

.fini           0x000121f4        0x8
 *(.fini)
 .fini          0x000121f4        0x4 c:/program files/ept-tools/ept-sdk/sourcery g++ lite/bin/../arm-none-linux-gnueabi/libc/usr/lib/crti.o
                0x000121f4                _fini
 .fini          0x000121f8        0x4 c:/program files/ept-tools/ept-sdk/sourcery g++ lite/bin/../arm-none-linux-gnueabi/libc/usr/lib/crtn.o
                0x000121fc                PROVIDE (__etext, .)
                0x000121fc                PROVIDE (_etext, .)
                0x000121fc                PROVIDE (etext, .)

.rodata         0x000121fc     0x139c
 *(.rodata .rodata.* .gnu.linkonce.r.*)
 .rodata        0x000121fc       0x24 o\main.o
 .rodata.str1.4
                0x00012220      0xf55 o\main.o
                                0xf84 (size before relaxing)
 *fill*         0x00013175        0x3 00
 .rodata.str1.4
                0x00013178      0x288 o\shell.o
                                0x2ac (size before relaxing)
 .rodata.days.6046
                0x00013400       0x34 o\ydt.o
 .rodata.str1.4
                0x00013434      0x130 o\ydt.o
                                0x1a4 (size before relaxing)
 .rodata.days_leap.6047
                0x00013564       0x34 o\ydt.o

.rodata1
 *(.rodata1)

.ARM.extab      0x00013598       0x30
 *(.ARM.extab* .gnu.linkonce.armextab.*)
 .ARM.extab.text.read_param_table
                0x00013598        0xc o\main.o
 .ARM.extab.text.query_today_summary
                0x000135a4        0xc o\main.o
 .ARM.extab.text.browse_menu
                0x000135b0        0xc o\ydt.o
 .ARM.extab.text.browse_menu_time
                0x000135bc        0xc o\ydt.o
                0x000135c8                __exidx_start = .

.ARM.exidx      0x000135c8      0x278
 *(.ARM.exidx* .gnu.linkonce.armexidx.*)
 .ARM.exidx     0x000135d8        0x0 c:/program files/ept-tools/ept-sdk/sourcery g++ lite/bin/../arm-none-linux-gnueabi/libc/usr/lib/crt1.o
                                  0x8 (size before relaxing)
 .ARM.exidx     0x000135d8        0x8 c:/program files/ept-tools/ept-sdk/sourcery g++ lite/bin/../arm-none-linux-gnueabi/libc/usr/lib/crti.o
 .ARM.exidx     0x000135e0        0x8 c:/program files/ept-tools/ept-sdk/sourcery g++ lite/bin/../lib/gcc/arm-none-linux-gnueabi/4.3.3/crtbegin.o
                                 0x10 (size before relaxing)
 .ARM.exidx.text.Cal_Interval_Sec
                0x000135e8        0x8 o\main.o
 .ARM.exidx.text.card_youhui_process
                0x000135f0        0x8 o\main.o
 .ARM.exidx.text.ic_card_process
                0x000135f8        0x8 o\main.o
 .ARM.exidx.text.set_pos_init
                0x00013600        0x8 o\main.o
 .ARM.exidx.text.format_process
                0x00013608        0x8 o\main.o
 .ARM.exidx.text.generate_backup_record_file
                0x00013610        0x8 o\main.o
 .ARM.exidx.text.generate_record_file
                0x00013618        0x8 o\main.o
 .ARM.exidx.text.send_backup_record_process
                0x00013620        0x8 o\main.o
 .ARM.exidx.text.send_record_process
                0x00013628        0x0 o\main.o
                                  0x8 (size before relaxing)
 .ARM.exidx.text.read_param_table
                0x00013628        0x8 o\main.o
 .ARM.exidx.text.set_ticket_number
                0x00013630        0x8 o\main.o
 .ARM.exidx.text.set_pos_number
                0x00013638        0x8 o\main.o
 .ARM.exidx.text.set_banci
                0x00013640        0x8 o\main.o
 .ARM.exidx.text.choose_line
                0x00013648        0x8 o\main.o
 .ARM.exidx.text.set_youhui_zhekou
                0x00013650        0x8 o\main.o
 .ARM.exidx.text.bus_number_verify
                0x00013658        0x8 o\main.o
 .ARM.exidx.text.operator_login
                0x00013660        0x8 o\main.o
 .ARM.exidx.text.line_number_verify
                0x00013668        0x8 o\main.o
 .ARM.exidx.text.TimeFormatChk
                0x00013670        0x8 o\main.o
 .ARM.exidx.text.TimeModify
                0x00013678        0x8 o\main.o
 .ARM.exidx.text.msystem
                0x00013680        0x8 o\main.o
 .ARM.exidx.text.system_check
                0x00013688        0x8 o\main.o
 .ARM.exidx.text.card_yuepiao_process
                0x00013690        0x8 o\main.o
 .ARM.exidx.text.generate_summary_info
                0x00013698        0x8 o\main.o
 .ARM.exidx.text.print_summary
                0x000136a0        0x8 o\main.o
 .ARM.exidx.text.query_today_summary
                0x000136a8        0x8 o\main.o
 .ARM.exidx.text.generate_ticket_info
                0x000136b0        0x8 o\main.o
 .ARM.exidx.text.ic_yuepiaocard_process
                0x000136b8        0x8 o\main.o
 .ARM.exidx.text.sell_ticket
                0x000136c0        0x8 o\main.o
 .ARM.exidx.text.param_init
                0x000136c8        0x8 o\main.o
 .ARM.exidx.text.main
                0x000136d0        0x8 o\main.o
 .ARM.exidx.text.Cal_CRC16
                0x000136d8        0x8 o\shell.o
 .ARM.exidx.text.test_crc16
                0x000136e0        0x8 o\shell.o
 .ARM.exidx.text.InitCommands
                0x000136e8        0x8 o\shell.o
 .ARM.exidx.text.armgetch2
                0x000136f0        0x8 o\shell.o
 .ARM.exidx.text.armgetch
                0x000136f8        0x8 o\shell.o
 .ARM.exidx.text.armputs
                0x00013700        0x8 o\shell.o
 .ARM.exidx.text.crf_func
                0x00013708        0x8 o\shell.o
 .ARM.exidx.text.del_func
                0x00013710        0x8 o\shell.o
 .ARM.exidx.text.dir_func
                0x00013718        0x8 o\shell.o
 .ARM.exidx.text.HelloFunc
                0x00013720        0x8 o\shell.o
 .ARM.exidx.text.HelpFunc
                0x00013728        0x8 o\shell.o
 .ARM.exidx.text.fput_func
                0x00013730        0x8 o\shell.o
 .ARM.exidx.text.CommandAnalys
                0x00013738        0x8 o\shell.o
 .ARM.exidx.text.communication
                0x00013740        0x8 o\shell.o
 .ARM.exidx.text.fget_func
                0x00013748        0x8 o\shell.o
 .ARM.exidx.text.CheckTimeFormat
                0x00013750        0x8 o\ydt.o
 .ARM.exidx.text.ascii_to_hex
                0x00013758        0x0 o\ydt.o
                                  0x8 (size before relaxing)
 .ARM.exidx.text.hextobcd
                0x00013758        0x0 o\ydt.o
                                  0x8 (size before relaxing)
 .ARM.exidx.text.crc_check
                0x00013758        0x8 o\ydt.o
 .ARM.exidx.text.comm_add_end
                0x00013760        0x0 o\ydt.o
                                  0x8 (size before relaxing)
 .ARM.exidx.text.Is_Leap
                0x00013760        0x8 o\ydt.o
 .ARM.exidx.text.cal_sec
                0x00013768        0x8 o\ydt.o
 .ARM.exidx.text.sleep_ms
                0x00013770        0x8 o\ydt.o
 .ARM.exidx.text.SleepMs
                0x00013778        0x0 o\ydt.o
                                  0x8 (size before relaxing)
 .ARM.exidx.text.beep_failed
                0x00013778        0x8 o\ydt.o
 .ARM.exidx.text.beep_success
                0x00013780        0x8 o\ydt.o
 .ARM.exidx.text.com1_query_ch
                0x00013788        0x8 o\ydt.o
 .ARM.exidx.text.com1_gets_keyboard
                0x00013790        0x8 o\ydt.o
 .ARM.exidx.text.com1_gets
                0x00013798        0x8 o\ydt.o
 .ARM.exidx.text.uart1_buf_flush
                0x000137a0        0x8 o\ydt.o
 .ARM.exidx.text.com1_snd_and_rcv2
                0x000137a8        0x8 o\ydt.o
 .ARM.exidx.text.com1_snd_and_rcv
                0x000137b0        0x0 o\ydt.o
                                  0x8 (size before relaxing)
 .ARM.exidx.text.lcddisperr
                0x000137b0        0x8 o\ydt.o
 .ARM.exidx.text.store_record
                0x000137b8        0x8 o\ydt.o
 .ARM.exidx.text.ReadParam
                0x000137c0        0x8 o\ydt.o
 .ARM.exidx.text.WriteParam
                0x000137c8        0x8 o\ydt.o
 .ARM.exidx.text.param_factory_default
                0x000137d0        0x8 o\ydt.o
 .ARM.exidx.text.lcddisp
                0x000137d8        0x8 o\ydt.o
 .ARM.exidx.text.get_input_str
                0x000137e0        0x8 o\ydt.o
 .ARM.exidx.text.browse_menu
                0x000137e8        0x8 o\ydt.o
 .ARM.exidx.text.Modify_Time
                0x000137f0        0x8 o\ydt.o
 .ARM.exidx.text.Get_Time
                0x000137f8        0x8 o\ydt.o
 .ARM.exidx.text.browse_menu_time
                0x00013800       0x10 o\ydt.o
                                  0x8 (size before relaxing)
 .ARM.exidx     0x00013810        0x8 c:/program files/ept-tools/ept-sdk/sourcery g++ lite/bin/../lib/gcc/arm-none-linux-gnueabi/4.3.3\libgcc.a(_fixunsdfdi.o)
 .ARM.exidx     0x00013818       0x18 c:\program files\ept-tools\ept-sdk\sourcery g++ lite\bin\../arm-none-linux-gnueabi/libc/usr/lib/libc_nonshared.a(elf-init.oS)
                                 0x10 (size before relaxing)
 .ARM.exidx.init
                0x000135c8       0x10 c:/program files/ept-tools/ept-sdk/sourcery g++ lite/bin/../arm-none-linux-gnueabi/libc/usr/lib/crtn.o
                                  0x8 (size before relaxing)
 .ARM.exidx.fini
                0x00013830       0x10 c:/program files/ept-tools/ept-sdk/sourcery g++ lite/bin/../arm-none-linux-gnueabi/libc/usr/lib/crtn.o
                                  0x8 (size before relaxing)
                0x00013840                __exidx_end = .

.eh_frame_hdr
 *(.eh_frame_hdr)

.eh_frame       0x00013840        0x4
 *(.eh_frame)
 .eh_frame      0x00013840        0x4 c:/program files/ept-tools/ept-sdk/sourcery g++ lite/bin/../lib/gcc/arm-none-linux-gnueabi/4.3.3/crtend.o

.gcc_except_table
 *(.gcc_except_table .gcc_except_table.*)
                0x00013844                . = (ALIGN (0x8000) - ((0x8000 - .) & 0x7fff))
                0x0001b844                . = (0x8000 DATA_SEGMENT_ALIGN 0x1000)

.eh_frame
 *(.eh_frame)

.gcc_except_table
 *(.gcc_except_table .gcc_except_table.*)

.tdata
 *(.tdata .tdata.* .gnu.linkonce.td.*)

.tbss
 *(.tbss .tbss.* .gnu.linkonce.tb.*)
 *(.tcommon)

.preinit_array  0x0001b844        0x0
                0x0001b844                PROVIDE (__preinit_array_start, .)
 *(.preinit_array)
                0x0001b844                PROVIDE (__preinit_array_end, .)

.init_array     0x0001b844        0x4
                0x0001b844                PROVIDE (__init_array_start, .)
 *(SORT(.init_array.*))
 *(.init_array)
 .init_array    0x0001b844        0x4 c:/program files/ept-tools/ept-sdk/sourcery g++ lite/bin/../lib/gcc/arm-none-linux-gnueabi/4.3.3/crtbegin.o
                0x0001b848                PROVIDE (__init_array_end, .)

.fini_array     0x0001b848        0x4
                0x0001b848                PROVIDE (__fini_array_start, .)
 *(.fini_array)
 .fini_array    0x0001b848        0x4 c:/program files/ept-tools/ept-sdk/sourcery g++ lite/bin/../lib/gcc/arm-none-linux-gnueabi/4.3.3/crtbegin.o
 *(SORT(.fini_array.*))
                0x0001b84c                PROVIDE (__fini_array_end, .)

.ctors
 *crtbegin.o(.ctors)
 *crtbegin?.o(.ctors)
 *(EXCLUDE_FILE(*crtend?.o *crtend.o) .ctors)
 *(SORT(.ctors.*))
 *(.ctors)

.dtors
 *crtbegin.o(.dtors)
 *crtbegin?.o(.dtors)
 *(EXCLUDE_FILE(*crtend?.o *crtend.o) .dtors)
 *(SORT(.dtors.*))
 *(.dtors)

.jcr            0x0001b84c        0x4
 *(.jcr)
 .jcr           0x0001b84c        0x0 c:/program files/ept-tools/ept-sdk/sourcery g++ lite/bin/../lib/gcc/arm-none-linux-gnueabi/4.3.3/crtbegin.o
 .jcr           0x0001b84c        0x4 c:/program files/ept-tools/ept-sdk/sourcery g++ lite/bin/../lib/gcc/arm-none-linux-gnueabi/4.3.3/crtend.o

.data.rel.ro
 *(.data.rel.ro.local* .gnu.linkonce.d.rel.ro.local.*)
 *(.data.rel.ro* .gnu.linkonce.d.rel.ro.*)

.dynamic        0x0001b850      0x118
 *(.dynamic)
 .dynamic       0x0001b850      0x118 c:/program files/ept-tools/ept-sdk/sourcery g++ lite/bin/../arm-none-linux-gnueabi/libc/usr/lib/crti.o
                0x0001b850                _DYNAMIC
                0x0001b968                . = (. DATA_SEGMENT_RELRO_END 0x0)

.got            0x0001b968      0x110
 *(.got.plt)
 .got.plt       0x0001b968      0x10c c:/program files/ept-tools/ept-sdk/sourcery g++ lite/bin/../arm-none-linux-gnueabi/libc/usr/lib/crti.o
                0x0001b968                _GLOBAL_OFFSET_TABLE_
 *(.got)
 .got           0x0001ba74        0x4 c:/program files/ept-tools/ept-sdk/sourcery g++ lite/bin/../arm-none-linux-gnueabi/libc/usr/lib/crti.o

.data           0x0001ba78      0x100
                0x0001ba78                __data_start = .
 *(.data .data.* .gnu.linkonce.d.*)
 .data.VERSION  0x0001ba78        0x4 o\main.o
                0x0001ba78                VERSION
 .data.setting_menu
                0x0001ba7c       0x68 o\main.o
                0x0001ba7c                setting_menu
 .data.main_menu
                0x0001bae4       0x90 o\main.o
                0x0001bae4                main_menu
 .data.BUSS_NUM_FULL_PRE
                0x0001bb74        0x4 o\main.o
                0x0001bb74                BUSS_NUM_FULL_PRE

.data1
 *(.data1)
                0x0001bb78                _edata = .
                0x0001bb78                PROVIDE (edata, .)
                0x0001bb78                __bss_start = .
                0x0001bb78                __bss_start__ = .

.bss            0x0001bb78     0x1f04
 *(.dynbss)
 .dynbss        0x00000000        0x0 c:/program files/ept-tools/ept-sdk/sourcery g++ lite/bin/../arm-none-linux-gnueabi/libc/usr/lib/crti.o
 *(.bss .bss.* .gnu.linkonce.b.*)
 .bss           0x0001bb78        0x1 c:/program files/ept-tools/ept-sdk/sourcery g++ lite/bin/../lib/gcc/arm-none-linux-gnueabi/4.3.3/crtbegin.o
 .bss.Flag_Exticket
                0x0001bb79        0x1 o\main.o
                0x0001bb79                Flag_Exticket
 .bss.argc      0x0001bb7a        0x1 o\shell.o
 *fill*         0x0001bb7b        0x1 00
 .bss.argv      0x0001bb7c       0x50 o\shell.o
 *(COMMON)
 COMMON         0x0001bbcc      0xe70 o\main.o
                0x0001bbcc                line_menu
                0x0001c3a0                DevStat
                0x0001c52c                hDprinterHandle
                0x0001c530                hRS232Handle
                0x0001c534                STinfo
                0x0001c538                station_menu
                0x0001c924                Linfo
                0x0001c928                Tinfo
                0x0001c9a8                OPinfo
                0x0001c9ac                CardInfo
                0x0001c9d8                dbuf
 COMMON         0x0001ca3c     0x1040 o\shell.o
                0x0001ca3c                Com1RcvBuf2
                0x0001ceec                ShellComms
                0x0001d11c                Com1SndBuf
                0x0001d5cc                Com1RcvBuf
                0x0001da7c                . = ALIGN ((. != 0x0)?0x4:0x1)
                0x0001da7c                _bss_end__ = .
                0x0001da7c                __bss_end__ = .
                0x0001da7c                . = ALIGN (0x4)
                0x0001da7c                . = ALIGN (0x4)
                0x0001da7c                __end__ = .
                0x0001da7c                _end = .
                0x0001da7c                PROVIDE (end, .)
                0x0001da7c                . = DATA_SEGMENT_END (.)

.stab
 *(.stab)

.stabstr
 *(.stabstr)

.stab.excl
 *(.stab.excl)

.stab.exclstr
 *(.stab.exclstr)

.stab.index
 *(.stab.index)

.stab.indexstr
 *(.stab.indexstr)

.ARM.attributes
                0x00000000       0x2d
 .ARM.attributes
                0x00000000       0x2d c:/program files/ept-tools/ept-sdk/sourcery g++ lite/bin/../arm-none-linux-gnueabi/libc/usr/lib/crt1.o
 .ARM.attributes
                0x0000002d       0x31 c:/program files/ept-tools/ept-sdk/sourcery g++ lite/bin/../arm-none-linux-gnueabi/libc/usr/lib/crti.o
 .ARM.attributes
                0x0000005e       0x31 c:/program files/ept-tools/ept-sdk/sourcery g++ lite/bin/../lib/gcc/arm-none-linux-gnueabi/4.3.3/crtbegin.o
 .ARM.attributes
                0x0000008f       0x31 o\main.o
 .ARM.attributes
                0x000000c0       0x31 o\NormalData.o
 .ARM.attributes
                0x000000f1       0x31 o\shell.o
 .ARM.attributes
                0x00000122       0x31 o\ydt.o
 .ARM.attributes
                0x00000153       0x16 c:/program files/ept-tools/ept-sdk/sourcery g++ lite/bin/../lib/gcc/arm-none-linux-gnueabi/4.3.3\libgcc.a(_arm_addsubdf3.o)
 .ARM.attributes
                0x00000169       0x16 c:/program files/ept-tools/ept-sdk/sourcery g++ lite/bin/../lib/gcc/arm-none-linux-gnueabi/4.3.3\libgcc.a(_arm_muldivdf3.o)
 .ARM.attributes
                0x0000017f       0x16 c:/program files/ept-tools/ept-sdk/sourcery g++ lite/bin/../lib/gcc/arm-none-linux-gnueabi/4.3.3\libgcc.a(_arm_fixunsdfsi.o)
 .ARM.attributes
                0x00000195       0x16 c:/program files/ept-tools/ept-sdk/sourcery g++ lite/bin/../lib/gcc/arm-none-linux-gnueabi/4.3.3\libgcc.a(_arm_truncdfsf2.o)
 .ARM.attributes
                0x000001ab       0x16 c:/program files/ept-tools/ept-sdk/sourcery g++ lite/bin/../lib/gcc/arm-none-linux-gnueabi/4.3.3\libgcc.a(_arm_addsubsf3.o)
 .ARM.attributes
                0x000001c1       0x16 c:/program files/ept-tools/ept-sdk/sourcery g++ lite/bin/../lib/gcc/arm-none-linux-gnueabi/4.3.3\libgcc.a(_arm_cmpsf2.o)
 .ARM.attributes
                0x000001d7       0x31 c:/program files/ept-tools/ept-sdk/sourcery g++ lite/bin/../lib/gcc/arm-none-linux-gnueabi/4.3.3\libgcc.a(_fixunsdfdi.o)
 .ARM.attributes
                0x00000208       0x31 c:\program files\ept-tools\ept-sdk\sourcery g++ lite\bin\../arm-none-linux-gnueabi/libc/usr/lib/libc_nonshared.a(elf-init.oS)
 .ARM.attributes
                0x00000239       0x31 c:/program files/ept-tools/ept-sdk/sourcery g++ lite/bin/../lib/gcc/arm-none-linux-gnueabi/4.3.3/crtend.o
 .ARM.attributes
                0x0000026a       0x31 c:/program files/ept-tools/ept-sdk/sourcery g++ lite/bin/../arm-none-linux-gnueabi/libc/usr/lib/crtn.o

.comment        0x00000000       0xac
 *(.comment)
 .comment       0x00000000       0x2b o\main.o
 .comment       0x0000002b       0x2b o\NormalData.o
 .comment       0x00000056       0x2b o\shell.o
 .comment       0x00000081       0x2b o\ydt.o

.debug
 *(.debug)

.line
 *(.line)

.debug_srcinfo
 *(.debug_srcinfo)

.debug_sfnames
 *(.debug_sfnames)

.debug_aranges  0x00000000      0x348
 *(.debug_aranges)
 .debug_aranges
                0x00000000      0x148 o\main.o
 .debug_aranges
                0x00000148       0xb0 o\shell.o
 .debug_aranges
                0x000001f8      0x150 o\ydt.o

.debug_pubnames
                0x00000000      0x7e9
 *(.debug_pubnames)
 .debug_pubnames
                0x00000000      0x41c o\main.o
 .debug_pubnames
                0x0000041c      0x162 o\shell.o
 .debug_pubnames
                0x0000057e      0x26b o\ydt.o

.debug_info     0x00000000     0x6873
 *(.debug_info .gnu.linkonce.wi.*)
 .debug_info    0x00000000     0x365f o\main.o
 .debug_info    0x0000365f        0x0 o\NormalData.o
 .debug_info    0x0000365f     0x129d o\shell.o
 .debug_info    0x000048fc     0x1f77 o\ydt.o

.debug_abbrev   0x00000000      0xa07
 *(.debug_abbrev)
 .debug_abbrev  0x00000000      0x304 o\main.o
 .debug_abbrev  0x00000304        0x1 o\NormalData.o
 .debug_abbrev  0x00000305      0x38b o\shell.o
 .debug_abbrev  0x00000690      0x377 o\ydt.o

.debug_line     0x00000000     0x28cc
 *(.debug_line)
 .debug_line    0x00000000     0x1540 o\main.o
 .debug_line    0x00001540        0x0 o\NormalData.o
 .debug_line    0x00001540      0x77a o\shell.o
 .debug_line    0x00001cba      0xc12 o\ydt.o

.debug_frame    0x00000000      0xc5c
 *(.debug_frame)
 .debug_frame   0x00000000      0x56c o\main.o
 .debug_frame   0x0000056c      0x248 o\shell.o
 .debug_frame   0x000007b4      0x438 o\ydt.o
 .debug_frame   0x00000bec       0x2c c:/program files/ept-tools/ept-sdk/sourcery g++ lite/bin/../lib/gcc/arm-none-linux-gnueabi/4.3.3\libgcc.a(_fixunsdfdi.o)
 .debug_frame   0x00000c18       0x44 c:\program files\ept-tools\ept-sdk\sourcery g++ lite\bin\../arm-none-linux-gnueabi/libc/usr/lib/libc_nonshared.a(elf-init.oS)

.debug_str      0x00000000     0x126c
 *(.debug_str)
 .debug_str     0x00000000      0xd12 o\main.o
                                0xe95 (size before relaxing)
 .debug_str     0x00000d12      0x1c9 o\shell.o
                                0x6a0 (size before relaxing)
 .debug_str     0x00000edb      0x391 o\ydt.o
                                0x9a5 (size before relaxing)

.debug_loc      0x00000000     0x2f95
 *(.debug_loc)
 .debug_loc     0x00000000     0x136d o\main.o
 .debug_loc     0x0000136d      0xaf5 o\shell.o
 .debug_loc     0x00001e62     0x1133 o\ydt.o

.debug_macinfo
 *(.debug_macinfo)

.debug_weaknames
 *(.debug_weaknames)

.debug_funcnames
 *(.debug_funcnames)

.debug_typenames
 *(.debug_typenames)

.debug_varnames
 *(.debug_varnames)

.debug_pubtypes
 *(.debug_pubtypes)

.debug_ranges   0x00000000      0xd48
 *(.debug_ranges)
 .debug_ranges  0x00000000      0x628 o\main.o
 .debug_ranges  0x00000628      0x218 o\shell.o
 .debug_ranges  0x00000840      0x508 o\ydt.o

.gnu.attributes
 *(.gnu.attributes)

.note.gnu.arm.ident
 *(.note.gnu.arm.ident)

/DISCARD/
 *(.note.GNU-stack)
 *(.gnu_debuglink)
OUTPUT(o\ticket_printer elf32-littlearm)
